[20:05:08] очереди деталей: issues=5715, pr_merged=4089, pr_other=1405; стартовые позиции: 36/0/0
[20:05:10] issue: 48/5715 (всего 48/11209) cost=1 rem=4994
[20:05:11] issue: 60/5715 (всего 60/11209) cost=1 rem=4993
[20:05:15] issue: 72/5715 (всего 72/11209) cost=1 rem=4992
[20:05:16] issue: 84/5715 (всего 84/11209) cost=1 rem=4991
[20:05:18] issue: 96/5715 (всего 96/11209) cost=1 rem=4990
[20:05:20] issue: 108/5715 (всего 108/11209) cost=1 rem=4989
[20:05:23] issue: 120/5715 (всего 120/11209) cost=1 rem=4988
[20:05:25] issue: 132/5715 (всего 132/11209) cost=1 rem=4987
[20:05:27] issue: 144/5715 (всего 144/11209) cost=1 rem=4986, ETA~0.6ч
[20:05:30] issue: 156/5715 (всего 156/11209) cost=1 rem=4985, ETA~0.6ч
[20:05:32] issue: 168/5715 (всего 168/11209) cost=1 rem=4984, ETA~0.6ч
[20:05:34] issue: 180/5715 (всего 180/11209) cost=1 rem=4983, ETA~0.6ч
[20:05:36] issue: 192/5715 (всего 192/11209) cost=1 rem=4982, ETA~0.6ч
[20:05:38] issue: 204/5715 (всего 204/11209) cost=1 rem=4981, ETA~0.5ч
[20:05:40] issue: 216/5715 (всего 216/11209) cost=1 rem=4980, ETA~0.5ч
[20:05:42] issue: 228/5715 (всего 228/11209) cost=1 rem=4979, ETA~0.5ч
[20:05:44] issue: 240/5715 (всего 240/11209) cost=1 rem=4978, ETA~0.5ч
[20:05:49] issue: 252/5715 (всего 252/11209) cost=1 rem=4977, ETA~0.6ч
[20:05:51] issue: 264/5715 (всего 264/11209) cost=1 rem=4976, ETA~0.6ч
[20:05:55] issue: 276/5715 (всего 276/11209) cost=1 rem=4975, ETA~0.6ч
[20:05:57] issue: 288/5715 (всего 288/11209) cost=1 rem=4974, ETA~0.6ч
[20:05:59] issue: 300/5715 (всего 300/11209) cost=1 rem=4973, ETA~0.6ч
[20:06:01] issue: 312/5715 (всего 312/11209) cost=1 rem=4972, ETA~0.6ч
[20:06:04] issue: 324/5715 (всего 324/11209) cost=1 rem=4971, ETA~0.6ч
[20:06:07] issue: 336/5715 (всего 336/11209) cost=1 rem=4970, ETA~0.6ч
[20:06:10] issue: 348/5715 (всего 348/11209) cost=1 rem=4969, ETA~0.6ч
[20:06:12] issue: 360/5715 (всего 360/11209) cost=1 rem=4968, ETA~0.6ч
[20:06:15] issue: 372/5715 (всего 372/11209) cost=1 rem=4967, ETA~0.6ч
[20:06:17] issue: 384/5715 (всего 384/11209) cost=1 rem=4966, ETA~0.6ч
[20:06:20] issue: 396/5715 (всего 396/11209) cost=1 rem=4965, ETA~0.6ч
[20:06:22] issue: 408/5715 (всего 408/11209) cost=1 rem=4964, ETA~0.6ч
[20:06:24] issue: 420/5715 (всего 420/11209) cost=1 rem=4963, ETA~0.6ч
[20:06:25] issue: 432/5715 (всего 432/11209) cost=1 rem=4962, ETA~0.6ч
[20:06:27] issue: 444/5715 (всего 444/11209) cost=1 rem=4961, ETA~0.6ч
[20:06:30] issue: 456/5715 (всего 456/11209) cost=1 rem=4960, ETA~0.6ч
[20:06:32] issue: 468/5715 (всего 468/11209) cost=1 rem=4959, ETA~0.6ч
[20:06:35] issue: 480/5715 (всего 480/11209) cost=1 rem=4958, ETA~0.6ч
[20:06:37] issue: 492/5715 (всего 492/11209) cost=1 rem=4957, ETA~0.6ч
[20:06:39] issue: 504/5715 (всего 504/11209) cost=1 rem=4956, ETA~0.6ч
[20:06:41] issue: 516/5715 (всего 516/11209) cost=1 rem=4955, ETA~0.6ч
[20:06:44] issue: 528/5715 (всего 528/11209) cost=1 rem=4954, ETA~0.6ч
[20:06:46] issue: 540/5715 (всего 540/11209) cost=1 rem=4953, ETA~0.6ч
[20:06:48] issue: 552/5715 (всего 552/11209) cost=1 rem=4952, ETA~0.6ч
[20:06:50] issue: 564/5715 (всего 564/11209) cost=1 rem=4951, ETA~0.6ч
[20:06:52] issue: 576/5715 (всего 576/11209) cost=1 rem=4950, ETA~0.6ч
[20:06:54] issue: 588/5715 (всего 588/11209) cost=1 rem=4949, ETA~0.6ч
[20:06:56] issue: 600/5715 (всего 600/11209) cost=1 rem=4948, ETA~0.6ч
[20:06:58] issue: 612/5715 (всего 612/11209) cost=1 rem=4947, ETA~0.6ч
[20:07:00] issue: 624/5715 (всего 624/11209) cost=1 rem=4946, ETA~0.6ч
[20:07:03] issue: 636/5715 (всего 636/11209) cost=1 rem=4945, ETA~0.6ч
[20:07:05] issue: 648/5715 (всего 648/11209) cost=1 rem=4944, ETA~0.6ч
[20:07:07] issue: 660/5715 (всего 660/11209) cost=1 rem=4943, ETA~0.6ч
[20:07:10] issue: 672/5715 (всего 672/11209) cost=1 rem=4942, ETA~0.6ч
[20:07:12] issue: 684/5715 (всего 684/11209) cost=1 rem=4941, ETA~0.6ч
[20:07:14] issue: 696/5715 (всего 696/11209) cost=1 rem=4940, ETA~0.6ч
[20:07:16] issue: 708/5715 (всего 708/11209) cost=1 rem=4939, ETA~0.6ч
[20:07:18] issue: 720/5715 (всего 720/11209) cost=1 rem=4938, ETA~0.6ч
[20:07:20] issue: 732/5715 (всего 732/11209) cost=1 rem=4937, ETA~0.6ч
[20:07:21] issue: 744/5715 (всего 744/11209) cost=1 rem=4936, ETA~0.5ч
[20:07:24] issue: 756/5715 (всего 756/11209) cost=1 rem=4935, ETA~0.5ч
[20:07:26] issue: 768/5715 (всего 768/11209) cost=1 rem=4934, ETA~0.5ч
[20:07:28] issue: 780/5715 (всего 780/11209) cost=1 rem=4933, ETA~0.5ч
[20:07:30] issue: 792/5715 (всего 792/11209) cost=1 rem=4932, ETA~0.5ч
[20:07:33] issue: 804/5715 (всего 804/11209) cost=1 rem=4931, ETA~0.5ч
[20:07:35] issue: 816/5715 (всего 816/11209) cost=1 rem=4930, ETA~0.5ч
[20:07:37] issue: 828/5715 (всего 828/11209) cost=1 rem=4929, ETA~0.5ч
[20:07:40] issue: 840/5715 (всего 840/11209) cost=1 rem=4928, ETA~0.5ч
[20:07:42] issue: 852/5715 (всего 852/11209) cost=1 rem=4927, ETA~0.5ч
[20:07:44] issue: 864/5715 (всего 864/11209) cost=1 rem=4926, ETA~0.5ч
[20:07:45] issue: 876/5715 (всего 876/11209) cost=1 rem=4925, ETA~0.5ч
[20:07:48] issue: 888/5715 (всего 888/11209) cost=1 rem=4924, ETA~0.5ч
[20:07:50] issue: 900/5715 (всего 900/11209) cost=1 rem=4923, ETA~0.5ч
[20:07:52] issue: 912/5715 (всего 912/11209) cost=1 rem=4922, ETA~0.5ч
[20:07:55] issue: 924/5715 (всего 924/11209) cost=1 rem=4921, ETA~0.5ч
[20:07:57] issue: 936/5715 (всего 936/11209) cost=1 rem=4920, ETA~0.5ч
[20:07:59] issue: 948/5715 (всего 948/11209) cost=1 rem=4919, ETA~0.5ч
[20:08:02] issue: 960/5715 (всего 960/11209) cost=1 rem=4918, ETA~0.5ч
[20:08:04] issue: 972/5715 (всего 972/11209) cost=1 rem=4917, ETA~0.5ч
[20:08:06] issue: 984/5715 (всего 984/11209) cost=1 rem=4916, ETA~0.5ч
[20:08:08] issue: 996/5715 (всего 996/11209) cost=1 rem=4915, ETA~0.5ч
[20:08:10] issue: 1008/5715 (всего 1008/11209) cost=1 rem=4914, ETA~0.5ч
[20:08:12] issue: 1020/5715 (всего 1020/11209) cost=1 rem=4913, ETA~0.5ч
[20:08:13] issue: 1032/5715 (всего 1032/11209) cost=1 rem=4912, ETA~0.5ч
[20:08:16] issue: 1044/5715 (всего 1044/11209) cost=1 rem=4911, ETA~0.5ч
[20:08:17] issue: 1056/5715 (всего 1056/11209) cost=1 rem=4910, ETA~0.5ч
[20:08:19] issue: 1068/5715 (всего 1068/11209) cost=1 rem=4909, ETA~0.5ч
[20:08:23] issue: 1080/5715 (всего 1080/11209) cost=1 rem=4908, ETA~0.5ч
[20:08:24] issue: 1092/5715 (всего 1092/11209) cost=1 rem=4907, ETA~0.5ч
[20:08:27] issue: 1104/5715 (всего 1104/11209) cost=1 rem=4906, ETA~0.5ч
[20:08:29] issue: 1116/5715 (всего 1116/11209) cost=1 rem=4905, ETA~0.5ч
[20:08:30] issue: 1128/5715 (всего 1128/11209) cost=1 rem=4904, ETA~0.5ч
[20:08:33] issue: 1140/5715 (всего 1140/11209) cost=1 rem=4903, ETA~0.5ч
[20:08:35] issue: 1152/5715 (всего 1152/11209) cost=1 rem=4902, ETA~0.5ч
[20:08:37] issue: 1164/5715 (всего 1164/11209) cost=1 rem=4901, ETA~0.5ч
[20:08:38] issue: 1176/5715 (всего 1176/11209) cost=1 rem=4900, ETA~0.5ч
[20:08:40] issue: 1188/5715 (всего 1188/11209) cost=1 rem=4899, ETA~0.5ч
[20:08:42] issue: 1200/5715 (всего 1200/11209) cost=1 rem=4898, ETA~0.5ч
[20:08:43] issue: 1212/5715 (всего 1212/11209) cost=1 rem=4897, ETA~0.5ч
[20:08:45] issue: 1224/5715 (всего 1224/11209) cost=1 rem=4896, ETA~0.5ч
[20:08:47] issue: 1236/5715 (всего 1236/11209) cost=1 rem=4895, ETA~0.5ч
[20:08:50] issue: 1248/5715 (всего 1248/11209) cost=1 rem=4894, ETA~0.5ч
[20:08:51] issue: 1260/5715 (всего 1260/11209) cost=1 rem=4893, ETA~0.5ч
[20:08:53] issue: 1272/5715 (всего 1272/11209) cost=1 rem=4892, ETA~0.5ч
[20:08:55] issue: 1284/5715 (всего 1284/11209) cost=1 rem=4891, ETA~0.5ч
[20:08:57] issue: 1296/5715 (всего 1296/11209) cost=1 rem=4890, ETA~0.5ч
[20:08:59] issue: 1308/5715 (всего 1308/11209) cost=1 rem=4889, ETA~0.5ч
[20:09:00] issue: 1320/5715 (всего 1320/11209) cost=1 rem=4888, ETA~0.5ч
[20:09:01] issue: 1332/5715 (всего 1332/11209) cost=1 rem=4887, ETA~0.5ч
[20:09:03] issue: 1344/5715 (всего 1344/11209) cost=1 rem=4886, ETA~0.5ч
[20:09:05] issue: 1356/5715 (всего 1356/11209) cost=1 rem=4885, ETA~0.5ч
[20:09:07] issue: 1368/5715 (всего 1368/11209) cost=1 rem=4884, ETA~0.5ч
[20:09:09] issue: 1380/5715 (всего 1380/11209) cost=1 rem=4883, ETA~0.5ч
[20:09:12] issue: 1392/5715 (всего 1392/11209) cost=1 rem=4882, ETA~0.5ч
[20:09:14] issue: 1404/5715 (всего 1404/11209) cost=1 rem=4881, ETA~0.5ч
[20:09:16] issue: 1416/5715 (всего 1416/11209) cost=1 rem=4880, ETA~0.5ч
[20:09:17] issue: 1428/5715 (всего 1428/11209) cost=1 rem=4879, ETA~0.5ч
[20:09:20] issue: 1440/5715 (всего 1440/11209) cost=1 rem=4878, ETA~0.5ч
[20:09:23] issue: 1452/5715 (всего 1452/11209) cost=1 rem=4877, ETA~0.5ч
[20:09:24] issue: 1464/5715 (всего 1464/11209) cost=1 rem=4876, ETA~0.5ч
[20:09:26] issue: 1476/5715 (всего 1476/11209) cost=1 rem=4875, ETA~0.5ч
[20:09:28] issue: 1488/5715 (всего 1488/11209) cost=1 rem=4874, ETA~0.5ч
[20:09:30] issue: 1500/5715 (всего 1500/11209) cost=1 rem=4873, ETA~0.5ч
[20:09:31] issue: 1512/5715 (всего 1512/11209) cost=1 rem=4872, ETA~0.5ч
[20:09:33] issue: 1524/5715 (всего 1524/11209) cost=1 rem=4871, ETA~0.5ч
[20:09:34] issue: 1536/5715 (всего 1536/11209) cost=1 rem=4870, ETA~0.5ч
[20:09:36] issue: 1548/5715 (всего 1548/11209) cost=1 rem=4869, ETA~0.5ч
[20:09:38] issue: 1560/5715 (всего 1560/11209) cost=1 rem=4868, ETA~0.5ч
[20:09:40] issue: 1572/5715 (всего 1572/11209) cost=1 rem=4867, ETA~0.5ч
[20:09:42] issue: 1584/5715 (всего 1584/11209) cost=1 rem=4866, ETA~0.5ч
[20:09:44] issue: 1596/5715 (всего 1596/11209) cost=1 rem=4865, ETA~0.5ч
[20:09:46] issue: 1608/5715 (всего 1608/11209) cost=1 rem=4864, ETA~0.5ч
[20:09:48] issue: 1620/5715 (всего 1620/11209) cost=1 rem=4863, ETA~0.5ч
[20:09:49] issue: 1632/5715 (всего 1632/11209) cost=1 rem=4862, ETA~0.5ч
[20:09:51] issue: 1644/5715 (всего 1644/11209) cost=1 rem=4861, ETA~0.5ч
[20:09:53] issue: 1656/5715 (всего 1656/11209) cost=1 rem=4860, ETA~0.5ч
[20:09:55] issue: 1668/5715 (всего 1668/11209) cost=1 rem=4859, ETA~0.5ч
[20:09:57] issue: 1680/5715 (всего 1680/11209) cost=1 rem=4858, ETA~0.5ч
[20:09:59] issue: 1692/5715 (всего 1692/11209) cost=1 rem=4857, ETA~0.5ч
[20:10:00] issue: 1704/5715 (всего 1704/11209) cost=1 rem=4856, ETA~0.5ч
[20:10:02] issue: 1716/5715 (всего 1716/11209) cost=1 rem=4855, ETA~0.5ч
[20:10:05] issue: 1728/5715 (всего 1728/11209) cost=1 rem=4854, ETA~0.5ч
[20:10:07] issue: 1740/5715 (всего 1740/11209) cost=1 rem=4853, ETA~0.5ч
[20:10:08] issue: 1752/5715 (всего 1752/11209) cost=1 rem=4852, ETA~0.5ч
[20:10:10] issue: 1764/5715 (всего 1764/11209) cost=1 rem=4851, ETA~0.5ч
[20:10:13] issue: 1776/5715 (всего 1776/11209) cost=1 rem=4850, ETA~0.5ч
[20:10:14] issue: 1788/5715 (всего 1788/11209) cost=1 rem=4849, ETA~0.5ч
[20:10:17] issue: 1800/5715 (всего 1800/11209) cost=1 rem=4848, ETA~0.5ч
[20:10:19] issue: 1812/5715 (всего 1812/11209) cost=1 rem=4847, ETA~0.5ч
[20:10:21] issue: 1824/5715 (всего 1824/11209) cost=1 rem=4846, ETA~0.5ч
[20:10:23] issue: 1836/5715 (всего 1836/11209) cost=1 rem=4845, ETA~0.5ч
[20:10:24] issue: 1848/5715 (всего 1848/11209) cost=1 rem=4844, ETA~0.5ч
[20:10:26] issue: 1860/5715 (всего 1860/11209) cost=1 rem=4843, ETA~0.5ч
[20:10:27] issue: 1872/5715 (всего 1872/11209) cost=1 rem=4842, ETA~0.5ч
[20:10:29] issue: 1884/5715 (всего 1884/11209) cost=1 rem=4841, ETA~0.5ч
[20:10:30] issue: 1896/5715 (всего 1896/11209) cost=1 rem=4840, ETA~0.4ч
[20:10:32] issue: 1908/5715 (всего 1908/11209) cost=1 rem=4839, ETA~0.4ч
[20:10:33] issue: 1920/5715 (всего 1920/11209) cost=1 rem=4838, ETA~0.4ч
[20:10:35] issue: 1932/5715 (всего 1932/11209) cost=1 rem=4837, ETA~0.4ч
[20:10:36] issue: 1944/5715 (всего 1944/11209) cost=1 rem=4836, ETA~0.4ч
[20:10:38] issue: 1956/5715 (всего 1956/11209) cost=1 rem=4835, ETA~0.4ч
[20:10:40] issue: 1968/5715 (всего 1968/11209) cost=1 rem=4834, ETA~0.4ч
[20:10:41] issue: 1980/5715 (всего 1980/11209) cost=1 rem=4833, ETA~0.4ч
[20:10:43] issue: 1992/5715 (всего 1992/11209) cost=1 rem=4832, ETA~0.4ч
[20:10:44] issue: 2004/5715 (всего 2004/11209) cost=1 rem=4831, ETA~0.4ч
[20:10:46] issue: 2016/5715 (всего 2016/11209) cost=1 rem=4830, ETA~0.4ч
[20:10:48] issue: 2028/5715 (всего 2028/11209) cost=1 rem=4829, ETA~0.4ч
[20:10:50] issue: 2040/5715 (всего 2040/11209) cost=1 rem=4828, ETA~0.4ч
[20:10:52] issue: 2052/5715 (всего 2052/11209) cost=1 rem=4827, ETA~0.4ч
[20:10:54] issue: 2064/5715 (всего 2064/11209) cost=1 rem=4826, ETA~0.4ч
[20:10:55] issue: 2076/5715 (всего 2076/11209) cost=1 rem=4825, ETA~0.4ч
[20:10:57] issue: 2088/5715 (всего 2088/11209) cost=1 rem=4824, ETA~0.4ч
[20:11:00] issue: 2100/5715 (всего 2100/11209) cost=1 rem=4823, ETA~0.4ч
[20:11:02] issue: 2112/5715 (всего 2112/11209) cost=1 rem=4822, ETA~0.4ч
[20:11:05] issue: 2124/5715 (всего 2124/11209) cost=1 rem=4821, ETA~0.4ч
[20:11:06] issue: 2136/5715 (всего 2136/11209) cost=1 rem=4820, ETA~0.4ч
[20:11:08] issue: 2148/5715 (всего 2148/11209) cost=1 rem=4819, ETA~0.4ч
[20:11:10] issue: 2160/5715 (всего 2160/11209) cost=1 rem=4818, ETA~0.4ч
[20:11:11] issue: 2172/5715 (всего 2172/11209) cost=1 rem=4817, ETA~0.4ч
[20:11:13] issue: 2184/5715 (всего 2184/11209) cost=1 rem=4816, ETA~0.4ч
[20:11:14] issue: 2196/5715 (всего 2196/11209) cost=1 rem=4815, ETA~0.4ч
[20:11:17] issue: 2208/5715 (всего 2208/11209) cost=1 rem=4814, ETA~0.4ч
[20:11:18] issue: 2220/5715 (всего 2220/11209) cost=1 rem=4813, ETA~0.4ч
[20:11:21] issue: 2232/5715 (всего 2232/11209) cost=1 rem=4812, ETA~0.4ч
[20:11:24] issue: 2244/5715 (всего 2244/11209) cost=1 rem=4811, ETA~0.4ч
[20:11:25] issue: 2256/5715 (всего 2256/11209) cost=1 rem=4810, ETA~0.4ч
[20:11:27] issue: 2268/5715 (всего 2268/11209) cost=1 rem=4809, ETA~0.4ч
[20:11:29] issue: 2280/5715 (всего 2280/11209) cost=1 rem=4808, ETA~0.4ч
[20:11:31] issue: 2292/5715 (всего 2292/11209) cost=1 rem=4807, ETA~0.4ч
[20:11:32] issue: 2304/5715 (всего 2304/11209) cost=1 rem=4806, ETA~0.4ч
[20:11:34] issue: 2316/5715 (всего 2316/11209) cost=1 rem=4805, ETA~0.4ч
[20:11:35] issue: 2328/5715 (всего 2328/11209) cost=1 rem=4804, ETA~0.4ч
[20:11:38] issue: 2340/5715 (всего 2340/11209) cost=1 rem=4803, ETA~0.4ч
[20:11:39] issue: 2352/5715 (всего 2352/11209) cost=1 rem=4802, ETA~0.4ч
[20:11:41] issue: 2364/5715 (всего 2364/11209) cost=1 rem=4801, ETA~0.4ч
[20:11:43] issue: 2376/5715 (всего 2376/11209) cost=1 rem=4800, ETA~0.4ч
[20:11:44] issue: 2388/5715 (всего 2388/11209) cost=1 rem=4799, ETA~0.4ч
[20:11:46] issue: 2400/5715 (всего 2400/11209) cost=1 rem=4798, ETA~0.4ч
[20:11:48] issue: 2412/5715 (всего 2412/11209) cost=1 rem=4797, ETA~0.4ч
[20:11:49] issue: 2424/5715 (всего 2424/11209) cost=1 rem=4796, ETA~0.4ч
[20:11:54] issue: 2436/5715 (всего 2436/11209) cost=1 rem=4795, ETA~0.4ч
[20:11:55] issue: 2448/5715 (всего 2448/11209) cost=1 rem=4794, ETA~0.4ч
[20:11:57] issue: 2460/5715 (всего 2460/11209) cost=1 rem=4793, ETA~0.4ч
[20:11:58] issue: 2472/5715 (всего 2472/11209) cost=1 rem=4792, ETA~0.4ч
[20:12:00] issue: 2484/5715 (всего 2484/11209) cost=1 rem=4791, ETA~0.4ч
[20:12:02] issue: 2496/5715 (всего 2496/11209) cost=1 rem=4790, ETA~0.4ч
[20:12:04] issue: 2508/5715 (всего 2508/11209) cost=1 rem=4789, ETA~0.4ч
[20:12:06] issue: 2520/5715 (всего 2520/11209) cost=1 rem=4788, ETA~0.4ч
[20:12:08] issue: 2532/5715 (всего 2532/11209) cost=1 rem=4787, ETA~0.4ч
[20:12:10] issue: 2544/5715 (всего 2544/11209) cost=1 rem=4786, ETA~0.4ч
[20:12:12] issue: 2556/5715 (всего 2556/11209) cost=1 rem=4785, ETA~0.4ч
[20:12:14] issue: 2568/5715 (всего 2568/11209) cost=1 rem=4784, ETA~0.4ч
[20:12:16] issue: 2580/5715 (всего 2580/11209) cost=1 rem=4783, ETA~0.4ч
[20:12:18] issue: 2592/5715 (всего 2592/11209) cost=1 rem=4782, ETA~0.4ч
[20:12:20] issue: 2604/5715 (всего 2604/11209) cost=1 rem=4781, ETA~0.4ч
[20:12:22] issue: 2616/5715 (всего 2616/11209) cost=1 rem=4780, ETA~0.4ч
[20:12:24] issue: 2628/5715 (всего 2628/11209) cost=1 rem=4779, ETA~0.4ч
[20:12:26] issue: 2640/5715 (всего 2640/11209) cost=1 rem=4778, ETA~0.4ч
[20:12:28] issue: 2652/5715 (всего 2652/11209) cost=1 rem=4777, ETA~0.4ч
[20:12:31] issue: 2664/5715 (всего 2664/11209) cost=1 rem=4776, ETA~0.4ч
[20:12:33] issue: 2676/5715 (всего 2676/11209) cost=1 rem=4775, ETA~0.4ч
[20:12:35] issue: 2688/5715 (всего 2688/11209) cost=1 rem=4774, ETA~0.4ч
[20:12:37] issue: 2700/5715 (всего 2700/11209) cost=1 rem=4773, ETA~0.4ч
[20:12:39] issue: 2712/5715 (всего 2712/11209) cost=1 rem=4772, ETA~0.4ч
[20:12:41] issue: 2724/5715 (всего 2724/11209) cost=1 rem=4771, ETA~0.4ч
[20:12:46] issue: 2736/5715 (всего 2736/11209) cost=1 rem=4770, ETA~0.4ч
[20:12:48] issue: 2748/5715 (всего 2748/11209) cost=1 rem=4769, ETA~0.4ч
[20:12:50] issue: 2760/5715 (всего 2760/11209) cost=1 rem=4768, ETA~0.4ч
[20:12:52] issue: 2772/5715 (всего 2772/11209) cost=1 rem=4767, ETA~0.4ч
[20:12:54] issue: 2784/5715 (всего 2784/11209) cost=1 rem=4766, ETA~0.4ч
[20:12:55] issue: 2796/5715 (всего 2796/11209) cost=1 rem=4765, ETA~0.4ч
[20:12:57] issue: 2808/5715 (всего 2808/11209) cost=1 rem=4764, ETA~0.4ч
[20:12:59] issue: 2820/5715 (всего 2820/11209) cost=1 rem=4763, ETA~0.4ч
[20:13:01] issue: 2832/5715 (всего 2832/11209) cost=1 rem=4762, ETA~0.4ч
[20:13:03] issue: 2844/5715 (всего 2844/11209) cost=1 rem=4761, ETA~0.4ч
[20:13:04] issue: 2856/5715 (всего 2856/11209) cost=1 rem=4760, ETA~0.4ч
[20:13:06] issue: 2868/5715 (всего 2868/11209) cost=1 rem=4759, ETA~0.4ч
[20:13:08] issue: 2880/5715 (всего 2880/11209) cost=1 rem=4758, ETA~0.4ч
[20:13:10] issue: 2892/5715 (всего 2892/11209) cost=1 rem=4757, ETA~0.4ч
[20:13:12] issue: 2904/5715 (всего 2904/11209) cost=1 rem=4756, ETA~0.4ч
[20:13:16] issue: 2916/5715 (всего 2916/11209) cost=1 rem=4755, ETA~0.4ч
[20:13:18] issue: 2928/5715 (всего 2928/11209) cost=1 rem=4754, ETA~0.4ч
[20:13:20] issue: 2940/5715 (всего 2940/11209) cost=1 rem=4753, ETA~0.4ч
[20:13:23] issue: 2952/5715 (всего 2952/11209) cost=1 rem=4752, ETA~0.4ч
[20:13:26] issue: 2964/5715 (всего 2964/11209) cost=1 rem=4751, ETA~0.4ч
[20:13:28] issue: 2976/5715 (всего 2976/11209) cost=1 rem=4750, ETA~0.4ч
[20:13:30] issue: 2988/5715 (всего 2988/11209) cost=1 rem=4749, ETA~0.4ч
[20:13:31] issue: 3000/5715 (всего 3000/11209) cost=1 rem=4748, ETA~0.4ч
[20:13:34] issue: 3012/5715 (всего 3012/11209) cost=1 rem=4747, ETA~0.4ч
[20:13:36] issue: 3024/5715 (всего 3024/11209) cost=1 rem=4746, ETA~0.4ч
[20:13:37] issue: 3036/5715 (всего 3036/11209) cost=1 rem=4745, ETA~0.4ч
[20:13:39] issue: 3048/5715 (всего 3048/11209) cost=1 rem=4744, ETA~0.4ч
[20:13:42] issue: 3060/5715 (всего 3060/11209) cost=1 rem=4743, ETA~0.4ч
[20:13:44] issue: 3072/5715 (всего 3072/11209) cost=1 rem=4742, ETA~0.4ч
[20:13:46] issue: 3084/5715 (всего 3084/11209) cost=1 rem=4741, ETA~0.4ч
[20:13:48] issue: 3096/5715 (всего 3096/11209) cost=1 rem=4740, ETA~0.4ч
[20:13:50] issue: 3108/5715 (всего 3108/11209) cost=1 rem=4739, ETA~0.4ч
[20:13:52] issue: 3120/5715 (всего 3120/11209) cost=1 rem=4738, ETA~0.4ч
[20:13:54] issue: 3132/5715 (всего 3132/11209) cost=1 rem=4737, ETA~0.4ч
[20:13:56] issue: 3144/5715 (всего 3144/11209) cost=1 rem=4736, ETA~0.4ч
[20:13:58] issue: 3156/5715 (всего 3156/11209) cost=1 rem=4735, ETA~0.4ч
[20:14:02] issue: 3168/5715 (всего 3168/11209) cost=1 rem=4734, ETA~0.4ч
[20:14:04] issue: 3180/5715 (всего 3180/11209) cost=1 rem=4733, ETA~0.4ч
[20:14:06] issue: 3192/5715 (всего 3192/11209) cost=1 rem=4732, ETA~0.4ч
[20:14:08] issue: 3204/5715 (всего 3204/11209) cost=1 rem=4731, ETA~0.4ч
[20:14:10] issue: 3216/5715 (всего 3216/11209) cost=1 rem=4730, ETA~0.4ч
[20:14:12] issue: 3228/5715 (всего 3228/11209) cost=1 rem=4729, ETA~0.4ч
[20:14:14] issue: 3240/5715 (всего 3240/11209) cost=1 rem=4728, ETA~0.4ч
[20:14:16] issue: 3252/5715 (всего 3252/11209) cost=1 rem=4727, ETA~0.4ч
[20:14:18] issue: 3264/5715 (всего 3264/11209) cost=1 rem=4726, ETA~0.4ч
[20:14:20] issue: 3276/5715 (всего 3276/11209) cost=1 rem=4725, ETA~0.4ч
[20:14:22] issue: 3288/5715 (всего 3288/11209) cost=1 rem=4724, ETA~0.4ч
[20:14:24] issue: 3300/5715 (всего 3300/11209) cost=1 rem=4723, ETA~0.4ч
[20:14:26] issue: 3312/5715 (всего 3312/11209) cost=1 rem=4722, ETA~0.4ч
[20:14:28] issue: 3324/5715 (всего 3324/11209) cost=1 rem=4721, ETA~0.4ч
[20:14:30] issue: 3336/5715 (всего 3336/11209) cost=1 rem=4720, ETA~0.4ч
[20:14:31] issue: 3348/5715 (всего 3348/11209) cost=1 rem=4719, ETA~0.4ч
[20:14:33] issue: 3360/5715 (всего 3360/11209) cost=1 rem=4718, ETA~0.4ч
[20:14:35] issue: 3372/5715 (всего 3372/11209) cost=1 rem=4717, ETA~0.4ч
[20:14:36] issue: 3384/5715 (всего 3384/11209) cost=1 rem=4716, ETA~0.4ч
[20:14:38] issue: 3396/5715 (всего 3396/11209) cost=1 rem=4715, ETA~0.4ч
[20:14:41] issue: 3408/5715 (всего 3408/11209) cost=1 rem=4714, ETA~0.4ч
[20:14:43] issue: 3420/5715 (всего 3420/11209) cost=1 rem=4713, ETA~0.4ч
[20:14:44] issue: 3432/5715 (всего 3432/11209) cost=1 rem=4712, ETA~0.4ч
[20:14:46] issue: 3444/5715 (всего 3444/11209) cost=1 rem=4711, ETA~0.4ч
[20:14:49] issue: 3456/5715 (всего 3456/11209) cost=1 rem=4710, ETA~0.4ч
[20:14:51] issue: 3468/5715 (всего 3468/11209) cost=1 rem=4709, ETA~0.4ч
[20:14:53] issue: 3480/5715 (всего 3480/11209) cost=1 rem=4708, ETA~0.4ч
[20:14:54] issue: 3492/5715 (всего 3492/11209) cost=1 rem=4707, ETA~0.4ч
[20:14:57] issue: 3504/5715 (всего 3504/11209) cost=1 rem=4706, ETA~0.4ч
[20:14:58] issue: 3516/5715 (всего 3516/11209) cost=1 rem=4705, ETA~0.4ч
[20:15:00] issue: 3528/5715 (всего 3528/11209) cost=1 rem=4704, ETA~0.4ч
[20:15:02] issue: 3540/5715 (всего 3540/11209) cost=1 rem=4703, ETA~0.4ч
[20:15:03] issue: 3552/5715 (всего 3552/11209) cost=1 rem=4702, ETA~0.4ч
[20:15:05] issue: 3564/5715 (всего 3564/11209) cost=1 rem=4701, ETA~0.4ч
[20:15:08] issue: 3576/5715 (всего 3576/11209) cost=1 rem=4700, ETA~0.4ч
[20:15:10] issue: 3588/5715 (всего 3588/11209) cost=1 rem=4699, ETA~0.4ч
[20:15:11] issue: 3600/5715 (всего 3600/11209) cost=1 rem=4698, ETA~0.4ч
[20:15:13] issue: 3612/5715 (всего 3612/11209) cost=1 rem=4697, ETA~0.4ч
[20:15:15] issue: 3624/5715 (всего 3624/11209) cost=1 rem=4696, ETA~0.4ч
[20:15:17] issue: 3636/5715 (всего 3636/11209) cost=1 rem=4695, ETA~0.4ч
[20:15:19] issue: 3648/5715 (всего 3648/11209) cost=1 rem=4694, ETA~0.4ч
[20:15:21] issue: 3660/5715 (всего 3660/11209) cost=1 rem=4693, ETA~0.4ч
[20:15:23] issue: 3672/5715 (всего 3672/11209) cost=1 rem=4692, ETA~0.4ч
[20:15:25] issue: 3684/5715 (всего 3684/11209) cost=1 rem=4691, ETA~0.4ч
[20:15:27] issue: 3696/5715 (всего 3696/11209) cost=1 rem=4690, ETA~0.4ч
[20:15:29] issue: 3708/5715 (всего 3708/11209) cost=1 rem=4689, ETA~0.4ч
[20:15:31] issue: 3720/5715 (всего 3720/11209) cost=1 rem=4688, ETA~0.4ч
[20:15:33] issue: 3732/5715 (всего 3732/11209) cost=1 rem=4687, ETA~0.4ч
[20:15:35] issue: 3744/5715 (всего 3744/11209) cost=1 rem=4686, ETA~0.4ч
[20:15:37] issue: 3756/5715 (всего 3756/11209) cost=1 rem=4685, ETA~0.4ч
[20:15:38] issue: 3768/5715 (всего 3768/11209) cost=1 rem=4684, ETA~0.3ч
[20:15:40] issue: 3780/5715 (всего 3780/11209) cost=1 rem=4683, ETA~0.3ч
[20:15:43] issue: 3792/5715 (всего 3792/11209) cost=1 rem=4682, ETA~0.3ч
[20:15:44] issue: 3804/5715 (всего 3804/11209) cost=1 rem=4681, ETA~0.3ч
[20:15:46] issue: 3816/5715 (всего 3816/11209) cost=1 rem=4680, ETA~0.3ч
[20:15:47] issue: 3828/5715 (всего 3828/11209) cost=1 rem=4679, ETA~0.3ч
[20:15:50] issue: 3840/5715 (всего 3840/11209) cost=1 rem=4678, ETA~0.3ч
[20:15:52] issue: 3852/5715 (всего 3852/11209) cost=1 rem=4677, ETA~0.3ч
[20:15:53] issue: 3864/5715 (всего 3864/11209) cost=1 rem=4676, ETA~0.3ч
[20:15:55] issue: 3876/5715 (всего 3876/11209) cost=1 rem=4675, ETA~0.3ч
[20:15:57] issue: 3888/5715 (всего 3888/11209) cost=1 rem=4674, ETA~0.3ч
[20:15:59] issue: 3900/5715 (всего 3900/11209) cost=1 rem=4673, ETA~0.3ч
[20:16:01] issue: 3912/5715 (всего 3912/11209) cost=1 rem=4672, ETA~0.3ч
[20:16:03] issue: 3924/5715 (всего 3924/11209) cost=1 rem=4671, ETA~0.3ч
[20:16:05] issue: 3936/5715 (всего 3936/11209) cost=1 rem=4670, ETA~0.3ч
[20:16:07] issue: 3948/5715 (всего 3948/11209) cost=1 rem=4669, ETA~0.3ч
[20:16:09] issue: 3960/5715 (всего 3960/11209) cost=1 rem=4668, ETA~0.3ч
[20:16:10] issue: 3972/5715 (всего 3972/11209) cost=1 rem=4667, ETA~0.3ч
[20:16:12] issue: 3984/5715 (всего 3984/11209) cost=1 rem=4666, ETA~0.3ч
[20:16:14] issue: 3996/5715 (всего 3996/11209) cost=1 rem=4665, ETA~0.3ч
[20:16:15] issue: 4008/5715 (всего 4008/11209) cost=1 rem=4664, ETA~0.3ч
[20:16:17] issue: 4020/5715 (всего 4020/11209) cost=1 rem=4663, ETA~0.3ч
[20:16:20] issue: 4032/5715 (всего 4032/11209) cost=1 rem=4662, ETA~0.3ч
[20:16:22] issue: 4044/5715 (всего 4044/11209) cost=1 rem=4661, ETA~0.3ч
[20:16:24] issue: 4056/5715 (всего 4056/11209) cost=1 rem=4660, ETA~0.3ч
[20:16:28] issue: 4068/5715 (всего 4068/11209) cost=1 rem=4659, ETA~0.3ч
[20:16:31] issue: 4080/5715 (всего 4080/11209) cost=1 rem=4658, ETA~0.3ч
[20:16:33] issue: 4092/5715 (всего 4092/11209) cost=1 rem=4657, ETA~0.3ч
[20:16:35] issue: 4104/5715 (всего 4104/11209) cost=1 rem=4656, ETA~0.3ч
[20:16:38] issue: 4116/5715 (всего 4116/11209) cost=1 rem=4655, ETA~0.3ч
[20:16:40] issue: 4128/5715 (всего 4128/11209) cost=1 rem=4654, ETA~0.3ч
[20:16:41] issue: 4140/5715 (всего 4140/11209) cost=1 rem=4653, ETA~0.3ч
[20:16:43] issue: 4152/5715 (всего 4152/11209) cost=1 rem=4652, ETA~0.3ч
[20:16:45] issue: 4164/5715 (всего 4164/11209) cost=1 rem=4651, ETA~0.3ч
[20:16:47] issue: 4176/5715 (всего 4176/11209) cost=1 rem=4650, ETA~0.3ч
[20:16:49] issue: 4188/5715 (всего 4188/11209) cost=1 rem=4649, ETA~0.3ч
[20:16:50] issue: 4200/5715 (всего 4200/11209) cost=1 rem=4648, ETA~0.3ч
[20:16:52] issue: 4212/5715 (всего 4212/11209) cost=1 rem=4647, ETA~0.3ч
[20:16:54] issue: 4224/5715 (всего 4224/11209) cost=1 rem=4646, ETA~0.3ч
[20:16:56] issue: 4236/5715 (всего 4236/11209) cost=1 rem=4645, ETA~0.3ч
[20:16:58] issue: 4248/5715 (всего 4248/11209) cost=1 rem=4644, ETA~0.3ч
[20:17:00] issue: 4260/5715 (всего 4260/11209) cost=1 rem=4643, ETA~0.3ч
[20:17:02] issue: 4272/5715 (всего 4272/11209) cost=1 rem=4642, ETA~0.3ч
[20:17:04] issue: 4284/5715 (всего 4284/11209) cost=1 rem=4641, ETA~0.3ч
[20:17:06] issue: 4296/5715 (всего 4296/11209) cost=1 rem=4640, ETA~0.3ч
[20:17:08] issue: 4308/5715 (всего 4308/11209) cost=1 rem=4639, ETA~0.3ч
[20:17:10] issue: 4320/5715 (всего 4320/11209) cost=1 rem=4638, ETA~0.3ч
[20:17:12] issue: 4332/5715 (всего 4332/11209) cost=1 rem=4637, ETA~0.3ч
[20:17:13] issue: 4344/5715 (всего 4344/11209) cost=1 rem=4636, ETA~0.3ч
[20:17:15] issue: 4356/5715 (всего 4356/11209) cost=1 rem=4635, ETA~0.3ч
[20:17:16] issue: 4368/5715 (всего 4368/11209) cost=1 rem=4634, ETA~0.3ч
[20:17:18] issue: 4380/5715 (всего 4380/11209) cost=1 rem=4633, ETA~0.3ч
[20:17:20] issue: 4392/5715 (всего 4392/11209) cost=1 rem=4632, ETA~0.3ч
[20:17:21] issue: 4404/5715 (всего 4404/11209) cost=1 rem=4631, ETA~0.3ч
[20:17:23] issue: 4416/5715 (всего 4416/11209) cost=1 rem=4630, ETA~0.3ч
[20:17:25] issue: 4428/5715 (всего 4428/11209) cost=1 rem=4629, ETA~0.3ч
[20:17:27] issue: 4440/5715 (всего 4440/11209) cost=1 rem=4628, ETA~0.3ч
[20:17:28] issue: 4452/5715 (всего 4452/11209) cost=1 rem=4627, ETA~0.3ч
[20:17:30] issue: 4464/5715 (всего 4464/11209) cost=1 rem=4626, ETA~0.3ч
[20:17:32] issue: 4476/5715 (всего 4476/11209) cost=1 rem=4625, ETA~0.3ч
[20:17:35] issue: 4488/5715 (всего 4488/11209) cost=1 rem=4624, ETA~0.3ч
[20:17:36] issue: 4500/5715 (всего 4500/11209) cost=1 rem=4623, ETA~0.3ч
[20:17:38] issue: 4512/5715 (всего 4512/11209) cost=1 rem=4622, ETA~0.3ч
[20:17:39] issue: 4524/5715 (всего 4524/11209) cost=1 rem=4621, ETA~0.3ч
[20:17:41] issue: 4536/5715 (всего 4536/11209) cost=1 rem=4620, ETA~0.3ч
[20:17:42] issue: 4548/5715 (всего 4548/11209) cost=1 rem=4619, ETA~0.3ч
[20:17:44] issue: 4560/5715 (всего 4560/11209) cost=1 rem=4618, ETA~0.3ч
[20:17:46] issue: 4572/5715 (всего 4572/11209) cost=1 rem=4617, ETA~0.3ч
[20:17:47] issue: 4584/5715 (всего 4584/11209) cost=1 rem=4616, ETA~0.3ч
[20:17:49] issue: 4596/5715 (всего 4596/11209) cost=1 rem=4615, ETA~0.3ч
[20:17:50] issue: 4608/5715 (всего 4608/11209) cost=1 rem=4614, ETA~0.3ч
[20:17:52] issue: 4620/5715 (всего 4620/11209) cost=1 rem=4613, ETA~0.3ч
[20:17:54] issue: 4632/5715 (всего 4632/11209) cost=1 rem=4612, ETA~0.3ч
[20:17:56] issue: 4644/5715 (всего 4644/11209) cost=1 rem=4611, ETA~0.3ч
[20:17:58] issue: 4656/5715 (всего 4656/11209) cost=1 rem=4610, ETA~0.3ч
[20:18:01] issue: 4668/5715 (всего 4668/11209) cost=1 rem=4609, ETA~0.3ч
[20:18:03] issue: 4680/5715 (всего 4680/11209) cost=1 rem=4608, ETA~0.3ч
[20:18:05] issue: 4692/5715 (всего 4692/11209) cost=1 rem=4607, ETA~0.3ч
[20:18:06] issue: 4704/5715 (всего 4704/11209) cost=1 rem=4606, ETA~0.3ч
[20:18:08] issue: 4716/5715 (всего 4716/11209) cost=1 rem=4605, ETA~0.3ч
[20:18:10] issue: 4728/5715 (всего 4728/11209) cost=1 rem=4604, ETA~0.3ч
[20:18:11] issue: 4740/5715 (всего 4740/11209) cost=1 rem=4603, ETA~0.3ч
[20:18:13] issue: 4752/5715 (всего 4752/11209) cost=1 rem=4602, ETA~0.3ч
[20:18:15] issue: 4764/5715 (всего 4764/11209) cost=1 rem=4601, ETA~0.3ч
[20:18:16] issue: 4776/5715 (всего 4776/11209) cost=1 rem=4600, ETA~0.3ч
[20:18:19] issue: 4788/5715 (всего 4788/11209) cost=1 rem=4599, ETA~0.3ч
[20:18:21] issue: 4800/5715 (всего 4800/11209) cost=1 rem=4598, ETA~0.3ч
[20:18:23] issue: 4812/5715 (всего 4812/11209) cost=1 rem=4597, ETA~0.3ч
[20:18:25] issue: 4824/5715 (всего 4824/11209) cost=1 rem=4596, ETA~0.3ч
[20:18:27] issue: 4836/5715 (всего 4836/11209) cost=1 rem=4595, ETA~0.3ч
[20:18:28] issue: 4848/5715 (всего 4848/11209) cost=1 rem=4594, ETA~0.3ч
[20:18:30] issue: 4860/5715 (всего 4860/11209) cost=1 rem=4593, ETA~0.3ч
[20:18:32] issue: 4872/5715 (всего 4872/11209) cost=1 rem=4592, ETA~0.3ч
[20:18:34] issue: 4884/5715 (всего 4884/11209) cost=1 rem=4591, ETA~0.3ч
[20:18:35] issue: 4896/5715 (всего 4896/11209) cost=1 rem=4590, ETA~0.3ч
[20:18:37] issue: 4908/5715 (всего 4908/11209) cost=1 rem=4589, ETA~0.3ч
[20:18:38] issue: 4920/5715 (всего 4920/11209) cost=1 rem=4588, ETA~0.3ч
[20:18:40] issue: 4932/5715 (всего 4932/11209) cost=1 rem=4587, ETA~0.3ч
[20:18:41] issue: 4944/5715 (всего 4944/11209) cost=1 rem=4586, ETA~0.3ч
[20:18:43] issue: 4956/5715 (всего 4956/11209) cost=1 rem=4585, ETA~0.3ч
[20:18:44] issue: 4968/5715 (всего 4968/11209) cost=1 rem=4584, ETA~0.3ч
[20:18:45] issue: 4980/5715 (всего 4980/11209) cost=1 rem=4583, ETA~0.3ч
[20:18:48] issue: 4992/5715 (всего 4992/11209) cost=1 rem=4582, ETA~0.3ч
[20:18:50] issue: 5004/5715 (всего 5004/11209) cost=1 rem=4581, ETA~0.3ч
[20:18:52] issue: 5016/5715 (всего 5016/11209) cost=1 rem=4580, ETA~0.3ч
[20:18:54] issue: 5028/5715 (всего 5028/11209) cost=1 rem=4579, ETA~0.3ч
[20:18:56] issue: 5040/5715 (всего 5040/11209) cost=1 rem=4578, ETA~0.3ч
[20:18:58] issue: 5052/5715 (всего 5052/11209) cost=1 rem=4577, ETA~0.3ч
[20:19:00] issue: 5064/5715 (всего 5064/11209) cost=1 rem=4576, ETA~0.3ч
[20:19:01] issue: 5076/5715 (всего 5076/11209) cost=1 rem=4575, ETA~0.3ч
[20:19:04] issue: 5088/5715 (всего 5088/11209) cost=1 rem=4574, ETA~0.3ч
[20:19:05] issue: 5100/5715 (всего 5100/11209) cost=1 rem=4573, ETA~0.3ч
[20:19:07] issue: 5112/5715 (всего 5112/11209) cost=1 rem=4572, ETA~0.3ч
[20:19:08] issue: 5124/5715 (всего 5124/11209) cost=1 rem=4571, ETA~0.3ч
[20:19:10] issue: 5136/5715 (всего 5136/11209) cost=1 rem=4570, ETA~0.3ч
[20:19:12] issue: 5148/5715 (всего 5148/11209) cost=1 rem=4569, ETA~0.3ч
[20:19:14] issue: 5160/5715 (всего 5160/11209) cost=1 rem=4568, ETA~0.3ч
[20:19:16] issue: 5172/5715 (всего 5172/11209) cost=1 rem=4567, ETA~0.3ч
[20:19:17] issue: 5184/5715 (всего 5184/11209) cost=1 rem=4566, ETA~0.3ч
[20:19:20] issue: 5196/5715 (всего 5196/11209) cost=1 rem=4565, ETA~0.3ч
[20:19:21] issue: 5208/5715 (всего 5208/11209) cost=1 rem=4564, ETA~0.3ч
[20:19:23] issue: 5220/5715 (всего 5220/11209) cost=1 rem=4563, ETA~0.3ч
[20:19:24] issue: 5232/5715 (всего 5232/11209) cost=1 rem=4562, ETA~0.3ч
[20:19:26] issue: 5244/5715 (всего 5244/11209) cost=1 rem=4561, ETA~0.3ч
[20:19:28] issue: 5256/5715 (всего 5256/11209) cost=1 rem=4560, ETA~0.3ч
[20:19:30] issue: 5268/5715 (всего 5268/11209) cost=1 rem=4559, ETA~0.3ч
[20:19:32] issue: 5280/5715 (всего 5280/11209) cost=1 rem=4558, ETA~0.3ч
[20:19:33] issue: 5292/5715 (всего 5292/11209) cost=1 rem=4556, ETA~0.3ч
[20:19:35] issue: 5304/5715 (всего 5304/11209) cost=1 rem=4555, ETA~0.3ч
[20:19:36] issue: 5316/5715 (всего 5316/11209) cost=1 rem=4554, ETA~0.3ч
[20:19:37] issue: 5328/5715 (всего 5328/11209) cost=1 rem=4553, ETA~0.3ч
[20:19:38] issue: 5340/5715 (всего 5340/11209) cost=1 rem=4552, ETA~0.3ч
[20:19:41] issue: 5352/5715 (всего 5352/11209) cost=1 rem=4551, ETA~0.3ч
[20:19:43] issue: 5364/5715 (всего 5364/11209) cost=1 rem=4550, ETA~0.3ч
[20:19:46] issue: 5376/5715 (всего 5376/11209) cost=1 rem=4549, ETA~0.3ч
[20:19:48] issue: 5388/5715 (всего 5388/11209) cost=1 rem=4548, ETA~0.3ч
[20:19:49] issue: 5400/5715 (всего 5400/11209) cost=1 rem=4547, ETA~0.3ч
[20:19:52] issue: 5412/5715 (всего 5412/11209) cost=1 rem=4546, ETA~0.3ч
[20:19:54] issue: 5424/5715 (всего 5424/11209) cost=1 rem=4545, ETA~0.3ч
[20:19:56] issue: 5436/5715 (всего 5436/11209) cost=1 rem=4544, ETA~0.3ч
[20:19:58] issue: 5448/5715 (всего 5448/11209) cost=1 rem=4543, ETA~0.3ч
[20:20:00] issue: 5460/5715 (всего 5460/11209) cost=1 rem=4542, ETA~0.3ч
[20:20:02] issue: 5472/5715 (всего 5472/11209) cost=1 rem=4541, ETA~0.3ч
[20:20:03] issue: 5484/5715 (всего 5484/11209) cost=1 rem=4540, ETA~0.3ч
[20:20:05] issue: 5496/5715 (всего 5496/11209) cost=1 rem=4539, ETA~0.3ч
[20:20:06] issue: 5508/5715 (всего 5508/11209) cost=1 rem=4538, ETA~0.3ч
[20:20:08] issue: 5520/5715 (всего 5520/11209) cost=1 rem=4537, ETA~0.3ч
[20:20:10] issue: 5532/5715 (всего 5532/11209) cost=1 rem=4536, ETA~0.3ч
[20:20:12] issue: 5544/5715 (всего 5544/11209) cost=1 rem=4535, ETA~0.3ч
[20:20:14] issue: 5556/5715 (всего 5556/11209) cost=1 rem=4534, ETA~0.3ч
[20:20:15] issue: 5568/5715 (всего 5568/11209) cost=1 rem=4533, ETA~0.3ч
[20:20:17] issue: 5580/5715 (всего 5580/11209) cost=1 rem=4532, ETA~0.3ч
[20:20:19] issue: 5592/5715 (всего 5592/11209) cost=1 rem=4531, ETA~0.3ч
[20:20:21] issue: 5604/5715 (всего 5604/11209) cost=1 rem=4530, ETA~0.3ч
[20:20:23] issue: 5616/5715 (всего 5616/11209) cost=1 rem=4529, ETA~0.3ч
[20:20:25] issue: 5628/5715 (всего 5628/11209) cost=1 rem=4528, ETA~0.3ч
[20:20:27] issue: 5640/5715 (всего 5640/11209) cost=1 rem=4527, ETA~0.3ч
[20:20:28] issue: 5652/5715 (всего 5652/11209) cost=1 rem=4526, ETA~0.3ч
[20:20:30] issue: 5664/5715 (всего 5664/11209) cost=1 rem=4525, ETA~0.3ч
[20:20:32] issue: 5676/5715 (всего 5676/11209) cost=1 rem=4524, ETA~0.3ч
[20:20:33] issue: 5688/5715 (всего 5688/11209) cost=1 rem=4523, ETA~0.3ч
[20:20:35] issue: 5700/5715 (всего 5700/11209) cost=1 rem=4522, ETA~0.3ч
[20:20:37] issue: 5712/5715 (всего 5712/11209) cost=1 rem=4521, ETA~0.2ч
[20:20:38] issue: 5715/5715 (всего 5715/11209) cost=1 rem=4520, ETA~0.2ч
[20:20:39] pr_merged: 8/4089 (всего 5723/11209) cost=1 rem=4519, ETA~0.2ч
[20:20:41] pr_merged: 16/4089 (всего 5731/11209) cost=1 rem=4518, ETA~0.2ч
[20:20:43] pr_merged: 24/4089 (всего 5739/11209) cost=1 rem=4517, ETA~0.2ч
[20:20:44] pr_merged: 32/4089 (всего 5747/11209) cost=1 rem=4516, ETA~0.2ч
[20:20:46] pr_merged: 40/4089 (всего 5755/11209) cost=1 rem=4515, ETA~0.2ч
[20:20:48] pr_merged: 48/4089 (всего 5763/11209) cost=1 rem=4514, ETA~0.2ч
[20:20:50] pr_merged: 56/4089 (всего 5771/11209) cost=1 rem=4513, ETA~0.2ч
[20:20:52] pr_merged: 64/4089 (всего 5779/11209) cost=1 rem=4512, ETA~0.2ч
[20:20:53] pr_merged: 72/4089 (всего 5787/11209) cost=1 rem=4511, ETA~0.2ч
[20:20:56] pr_merged: 80/4089 (всего 5795/11209) cost=1 rem=4510, ETA~0.2ч
[20:20:58] pr_merged: 88/4089 (всего 5803/11209) cost=1 rem=4509, ETA~0.2ч
[20:21:00] pr_merged: 96/4089 (всего 5811/11209) cost=1 rem=4508, ETA~0.2ч
[20:21:02] pr_merged: 104/4089 (всего 5819/11209) cost=1 rem=4507, ETA~0.2ч
[20:21:04] pr_merged: 112/4089 (всего 5827/11209) cost=1 rem=4506, ETA~0.2ч
[20:21:06] pr_merged: 120/4089 (всего 5835/11209) cost=1 rem=4505, ETA~0.2ч
[20:21:07] pr_merged: 128/4089 (всего 5843/11209) cost=1 rem=4504, ETA~0.2ч
[20:21:10] pr_merged: 136/4089 (всего 5851/11209) cost=1 rem=4503, ETA~0.2ч
[20:21:13] pr_merged: 144/4089 (всего 5859/11209) cost=1 rem=4502, ETA~0.2ч
[20:21:16] pr_merged: 152/4089 (всего 5867/11209) cost=1 rem=4501, ETA~0.2ч
[20:21:17] pr_merged: 160/4089 (всего 5875/11209) cost=1 rem=4500, ETA~0.2ч
[20:21:19] pr_merged: 168/4089 (всего 5883/11209) cost=1 rem=4499, ETA~0.2ч
[20:21:22] pr_merged: 176/4089 (всего 5891/11209) cost=1 rem=4498, ETA~0.2ч
[20:21:24] pr_merged: 184/4089 (всего 5899/11209) cost=1 rem=4497, ETA~0.2ч
[20:21:26] pr_merged: 192/4089 (всего 5907/11209) cost=1 rem=4496, ETA~0.2ч
[20:21:27] pr_merged: 200/4089 (всего 5915/11209) cost=1 rem=4495, ETA~0.2ч
[20:21:29] pr_merged: 208/4089 (всего 5923/11209) cost=1 rem=4494, ETA~0.2ч
[20:21:31] pr_merged: 216/4089 (всего 5931/11209) cost=1 rem=4493, ETA~0.2ч
[20:21:33] pr_merged: 224/4089 (всего 5939/11209) cost=1 rem=4492, ETA~0.2ч
[20:21:36] pr_merged: 232/4089 (всего 5947/11209) cost=1 rem=4491, ETA~0.2ч
[20:21:38] pr_merged: 240/4089 (всего 5955/11209) cost=1 rem=4490, ETA~0.2ч
[20:21:41] pr_merged: 248/4089 (всего 5963/11209) cost=1 rem=4489, ETA~0.2ч
[20:21:43] pr_merged: 256/4089 (всего 5971/11209) cost=1 rem=4488, ETA~0.2ч
[20:21:46] pr_merged: 264/4089 (всего 5979/11209) cost=1 rem=4487, ETA~0.2ч
[20:21:47] pr_merged: 272/4089 (всего 5987/11209) cost=1 rem=4486, ETA~0.2ч
[20:21:50] pr_merged: 280/4089 (всего 5995/11209) cost=1 rem=4485, ETA~0.2ч
[20:21:52] pr_merged: 288/4089 (всего 6003/11209) cost=1 rem=4484, ETA~0.2ч
[20:21:53] pr_merged: 296/4089 (всего 6011/11209) cost=1 rem=4483, ETA~0.2ч
[20:21:55] pr_merged: 304/4089 (всего 6019/11209) cost=1 rem=4482, ETA~0.2ч
[20:21:57] pr_merged: 312/4089 (всего 6027/11209) cost=1 rem=4481, ETA~0.2ч
[20:21:59] pr_merged: 320/4089 (всего 6035/11209) cost=1 rem=4480, ETA~0.2ч
[20:22:01] pr_merged: 328/4089 (всего 6043/11209) cost=1 rem=4479, ETA~0.2ч
[20:22:05] pr_merged: 336/4089 (всего 6051/11209) cost=1 rem=4478, ETA~0.2ч
[20:22:07] pr_merged: 344/4089 (всего 6059/11209) cost=1 rem=4477, ETA~0.2ч
[20:22:09] pr_merged: 352/4089 (всего 6067/11209) cost=1 rem=4476, ETA~0.2ч
[20:22:11] pr_merged: 360/4089 (всего 6075/11209) cost=1 rem=4475, ETA~0.2ч
[20:22:13] pr_merged: 368/4089 (всего 6083/11209) cost=1 rem=4474, ETA~0.2ч
[20:22:16] pr_merged: 376/4089 (всего 6091/11209) cost=1 rem=4473, ETA~0.2ч
[20:22:18] pr_merged: 384/4089 (всего 6099/11209) cost=1 rem=4472, ETA~0.2ч
[20:22:20] pr_merged: 392/4089 (всего 6107/11209) cost=1 rem=4471, ETA~0.2ч
[20:22:22] pr_merged: 400/4089 (всего 6115/11209) cost=1 rem=4470, ETA~0.2ч
[20:22:24] pr_merged: 408/4089 (всего 6123/11209) cost=1 rem=4469, ETA~0.2ч
[20:22:26] pr_merged: 416/4089 (всего 6131/11209) cost=1 rem=4468, ETA~0.2ч
[20:22:28] pr_merged: 424/4089 (всего 6139/11209) cost=1 rem=4467, ETA~0.2ч
[20:22:30] pr_merged: 432/4089 (всего 6147/11209) cost=1 rem=4466, ETA~0.2ч
[20:22:34] pr_merged: 440/4089 (всего 6155/11209) cost=1 rem=4465, ETA~0.2ч
[20:22:37] pr_merged: 448/4089 (всего 6163/11209) cost=1 rem=4464, ETA~0.2ч
[20:22:40] pr_merged: 456/4089 (всего 6171/11209) cost=1 rem=4463, ETA~0.2ч
[20:22:42] pr_merged: 464/4089 (всего 6179/11209) cost=1 rem=4462, ETA~0.2ч
[20:22:44] pr_merged: 472/4089 (всего 6187/11209) cost=1 rem=4461, ETA~0.2ч
[20:22:47] pr_merged: 480/4089 (всего 6195/11209) cost=1 rem=4460, ETA~0.2ч
[20:22:49] pr_merged: 488/4089 (всего 6203/11209) cost=1 rem=4459, ETA~0.2ч
[20:22:51] pr_merged: 496/4089 (всего 6211/11209) cost=1 rem=4458, ETA~0.2ч
[20:22:53] pr_merged: 504/4089 (всего 6219/11209) cost=1 rem=4457, ETA~0.2ч
[20:22:55] pr_merged: 512/4089 (всего 6227/11209) cost=1 rem=4456, ETA~0.2ч
[20:22:57] pr_merged: 520/4089 (всего 6235/11209) cost=1 rem=4455, ETA~0.2ч
[20:22:59] pr_merged: 528/4089 (всего 6243/11209) cost=1 rem=4454, ETA~0.2ч
[20:23:01] pr_merged: 536/4089 (всего 6251/11209) cost=1 rem=4453, ETA~0.2ч
[20:23:04] pr_merged: 544/4089 (всего 6259/11209) cost=1 rem=4452, ETA~0.2ч
[20:23:06] pr_merged: 552/4089 (всего 6267/11209) cost=1 rem=4451, ETA~0.2ч
[20:23:09] pr_merged: 560/4089 (всего 6275/11209) cost=1 rem=4450, ETA~0.2ч
[20:23:11] pr_merged: 568/4089 (всего 6283/11209) cost=1 rem=4449, ETA~0.2ч
[20:23:13] pr_merged: 576/4089 (всего 6291/11209) cost=1 rem=4448, ETA~0.2ч
[20:23:15] pr_merged: 584/4089 (всего 6299/11209) cost=1 rem=4447, ETA~0.2ч
[20:23:17] pr_merged: 592/4089 (всего 6307/11209) cost=1 rem=4446, ETA~0.2ч
[20:23:19] pr_merged: 600/4089 (всего 6315/11209) cost=1 rem=4445, ETA~0.2ч
[20:23:21] pr_merged: 608/4089 (всего 6323/11209) cost=1 rem=4444, ETA~0.2ч
[20:23:24] pr_merged: 616/4089 (всего 6331/11209) cost=1 rem=4443, ETA~0.2ч
[20:23:26] pr_merged: 624/4089 (всего 6339/11209) cost=1 rem=4442, ETA~0.2ч
[20:23:29] pr_merged: 632/4089 (всего 6347/11209) cost=1 rem=4441, ETA~0.2ч
[20:23:31] pr_merged: 640/4089 (всего 6355/11209) cost=1 rem=4440, ETA~0.2ч
[20:23:33] pr_merged: 648/4089 (всего 6363/11209) cost=1 rem=4439, ETA~0.2ч
[20:23:35] pr_merged: 656/4089 (всего 6371/11209) cost=1 rem=4438, ETA~0.2ч
[20:23:38] pr_merged: 664/4089 (всего 6379/11209) cost=1 rem=4437, ETA~0.2ч
[20:23:40] pr_merged: 672/4089 (всего 6387/11209) cost=1 rem=4436, ETA~0.2ч
[20:23:42] pr_merged: 680/4089 (всего 6395/11209) cost=1 rem=4435, ETA~0.2ч
[20:23:44] pr_merged: 688/4089 (всего 6403/11209) cost=1 rem=4434, ETA~0.2ч
[20:23:46] pr_merged: 696/4089 (всего 6411/11209) cost=1 rem=4433, ETA~0.2ч
[20:23:49] pr_merged: 704/4089 (всего 6419/11209) cost=1 rem=4432, ETA~0.2ч
[20:23:51] pr_merged: 712/4089 (всего 6427/11209) cost=1 rem=4431, ETA~0.2ч
[20:23:53] pr_merged: 720/4089 (всего 6435/11209) cost=1 rem=4430, ETA~0.2ч
[20:23:55] pr_merged: 728/4089 (всего 6443/11209) cost=1 rem=4429, ETA~0.2ч
[20:23:57] pr_merged: 736/4089 (всего 6451/11209) cost=1 rem=4428, ETA~0.2ч
[20:23:59] pr_merged: 744/4089 (всего 6459/11209) cost=1 rem=4427, ETA~0.2ч
[20:24:02] pr_merged: 752/4089 (всего 6467/11209) cost=1 rem=4426, ETA~0.2ч
[20:24:05] pr_merged: 760/4089 (всего 6475/11209) cost=1 rem=4425, ETA~0.2ч
[20:24:06] pr_merged: 768/4089 (всего 6483/11209) cost=1 rem=4424, ETA~0.2ч
[20:24:09] pr_merged: 776/4089 (всего 6491/11209) cost=1 rem=4423, ETA~0.2ч
[20:24:11] pr_merged: 784/4089 (всего 6499/11209) cost=1 rem=4422, ETA~0.2ч
[20:24:13] pr_merged: 792/4089 (всего 6507/11209) cost=1 rem=4421, ETA~0.2ч
[20:24:15] pr_merged: 800/4089 (всего 6515/11209) cost=1 rem=4420, ETA~0.2ч
[20:24:18] pr_merged: 808/4089 (всего 6523/11209) cost=1 rem=4419, ETA~0.2ч
[20:24:21] pr_merged: 816/4089 (всего 6531/11209) cost=1 rem=4418, ETA~0.2ч
[20:24:23] pr_merged: 824/4089 (всего 6539/11209) cost=1 rem=4417, ETA~0.2ч
[20:24:25] pr_merged: 832/4089 (всего 6547/11209) cost=1 rem=4416, ETA~0.2ч
[20:24:27] pr_merged: 840/4089 (всего 6555/11209) cost=1 rem=4415, ETA~0.2ч
[20:24:29] pr_merged: 848/4089 (всего 6563/11209) cost=1 rem=4414, ETA~0.2ч
[20:24:31] pr_merged: 856/4089 (всего 6571/11209) cost=1 rem=4413, ETA~0.2ч
[20:24:33] pr_merged: 864/4089 (всего 6579/11209) cost=1 rem=4412, ETA~0.2ч
[20:24:35] pr_merged: 872/4089 (всего 6587/11209) cost=1 rem=4411, ETA~0.2ч
[20:24:37] pr_merged: 880/4089 (всего 6595/11209) cost=1 rem=4410, ETA~0.2ч
[20:24:40] pr_merged: 888/4089 (всего 6603/11209) cost=1 rem=4409, ETA~0.2ч
[20:24:42] pr_merged: 896/4089 (всего 6611/11209) cost=1 rem=4408, ETA~0.2ч
[20:24:44] pr_merged: 904/4089 (всего 6619/11209) cost=1 rem=4407, ETA~0.2ч
[20:24:47] pr_merged: 912/4089 (всего 6627/11209) cost=1 rem=4406, ETA~0.2ч
[20:24:48] pr_merged: 920/4089 (всего 6635/11209) cost=1 rem=4405, ETA~0.2ч
[20:24:51] pr_merged: 928/4089 (всего 6643/11209) cost=1 rem=4404, ETA~0.2ч
[20:24:53] pr_merged: 936/4089 (всего 6651/11209) cost=1 rem=4403, ETA~0.2ч
[20:24:55] pr_merged: 944/4089 (всего 6659/11209) cost=1 rem=4402, ETA~0.2ч
[20:24:56] pr_merged: 952/4089 (всего 6667/11209) cost=1 rem=4401, ETA~0.2ч
[20:24:59] pr_merged: 960/4089 (всего 6675/11209) cost=1 rem=4400, ETA~0.2ч
[20:25:01] pr_merged: 968/4089 (всего 6683/11209) cost=1 rem=4399, ETA~0.2ч
[20:25:04] pr_merged: 976/4089 (всего 6691/11209) cost=1 rem=4398, ETA~0.2ч
[20:25:06] pr_merged: 984/4089 (всего 6699/11209) cost=1 rem=4397, ETA~0.2ч
[20:25:08] pr_merged: 992/4089 (всего 6707/11209) cost=1 rem=4396, ETA~0.2ч
[20:25:10] pr_merged: 1000/4089 (всего 6715/11209) cost=1 rem=4395, ETA~0.2ч
[20:25:12] pr_merged: 1008/4089 (всего 6723/11209) cost=1 rem=4394, ETA~0.2ч
[20:25:14] pr_merged: 1016/4089 (всего 6731/11209) cost=1 rem=4393, ETA~0.2ч
[20:25:17] pr_merged: 1024/4089 (всего 6739/11209) cost=1 rem=4392, ETA~0.2ч
[20:25:19] pr_merged: 1032/4089 (всего 6747/11209) cost=1 rem=4391, ETA~0.2ч
[20:25:26] pr_merged: 1040/4089 (всего 6755/11209) cost=1 rem=4390, ETA~0.2ч
[20:25:29] pr_merged: 1048/4089 (всего 6763/11209) cost=1 rem=4389, ETA~0.2ч
[20:25:30] pr_merged: 1056/4089 (всего 6771/11209) cost=1 rem=4388, ETA~0.2ч
[20:25:32] pr_merged: 1064/4089 (всего 6779/11209) cost=1 rem=4387, ETA~0.2ч
[20:25:35] pr_merged: 1072/4089 (всего 6787/11209) cost=1 rem=4386, ETA~0.2ч
[20:25:37] pr_merged: 1080/4089 (всего 6795/11209) cost=1 rem=4385, ETA~0.2ч
[20:25:39] pr_merged: 1088/4089 (всего 6803/11209) cost=1 rem=4384, ETA~0.2ч
[20:25:41] pr_merged: 1096/4089 (всего 6811/11209) cost=1 rem=4383, ETA~0.2ч
[20:25:42] pr_merged: 1104/4089 (всего 6819/11209) cost=1 rem=4382, ETA~0.2ч
[20:25:43] pr_merged: 1112/4089 (всего 6827/11209) cost=1 rem=4381, ETA~0.2ч
[20:25:45] pr_merged: 1120/4089 (всего 6835/11209) cost=1 rem=4380, ETA~0.2ч
[20:25:47] pr_merged: 1128/4089 (всего 6843/11209) cost=1 rem=4379, ETA~0.2ч
[20:25:48] pr_merged: 1136/4089 (всего 6851/11209) cost=1 rem=4378, ETA~0.2ч
[20:25:52] pr_merged: 1144/4089 (всего 6859/11209) cost=1 rem=4377, ETA~0.2ч
[20:25:54] pr_merged: 1152/4089 (всего 6867/11209) cost=1 rem=4376, ETA~0.2ч
[20:25:55] pr_merged: 1160/4089 (всего 6875/11209) cost=1 rem=4375, ETA~0.2ч
[20:25:57] pr_merged: 1168/4089 (всего 6883/11209) cost=1 rem=4374, ETA~0.2ч
[20:25:59] pr_merged: 1176/4089 (всего 6891/11209) cost=1 rem=4373, ETA~0.2ч
[20:26:01] pr_merged: 1184/4089 (всего 6899/11209) cost=1 rem=4372, ETA~0.2ч
[20:26:03] pr_merged: 1192/4089 (всего 6907/11209) cost=1 rem=4371, ETA~0.2ч
[20:26:05] pr_merged: 1200/4089 (всего 6915/11209) cost=1 rem=4370, ETA~0.2ч
[20:26:07] pr_merged: 1208/4089 (всего 6923/11209) cost=1 rem=4369, ETA~0.2ч
[20:26:09] pr_merged: 1216/4089 (всего 6931/11209) cost=1 rem=4368, ETA~0.2ч
[20:26:11] pr_merged: 1224/4089 (всего 6939/11209) cost=1 rem=4367, ETA~0.2ч
[20:26:12] pr_merged: 1232/4089 (всего 6947/11209) cost=1 rem=4366, ETA~0.2ч
[20:26:14] pr_merged: 1240/4089 (всего 6955/11209) cost=1 rem=4365, ETA~0.2ч
[20:26:16] pr_merged: 1248/4089 (всего 6963/11209) cost=1 rem=4364, ETA~0.2ч
[20:26:19] pr_merged: 1256/4089 (всего 6971/11209) cost=1 rem=4363, ETA~0.2ч
[20:26:21] pr_merged: 1264/4089 (всего 6979/11209) cost=1 rem=4362, ETA~0.2ч
[20:26:23] pr_merged: 1272/4089 (всего 6987/11209) cost=1 rem=4361, ETA~0.2ч
[20:26:26] pr_merged: 1280/4089 (всего 6995/11209) cost=1 rem=4360, ETA~0.2ч
[20:26:29] pr_merged: 1288/4089 (всего 7003/11209) cost=1 rem=4359, ETA~0.2ч
[20:26:31] pr_merged: 1296/4089 (всего 7011/11209) cost=1 rem=4358, ETA~0.2ч
[20:26:34] pr_merged: 1304/4089 (всего 7019/11209) cost=1 rem=4357, ETA~0.2ч
[20:26:35] pr_merged: 1312/4089 (всего 7027/11209) cost=1 rem=4356, ETA~0.2ч
[20:26:37] pr_merged: 1320/4089 (всего 7035/11209) cost=1 rem=4355, ETA~0.2ч
[20:26:38] pr_merged: 1328/4089 (всего 7043/11209) cost=1 rem=4354, ETA~0.2ч
[20:26:41] pr_merged: 1336/4089 (всего 7051/11209) cost=1 rem=4353, ETA~0.2ч
[20:26:44] pr_merged: 1344/4089 (всего 7059/11209) cost=1 rem=4352, ETA~0.2ч
[20:26:46] pr_merged: 1352/4089 (всего 7067/11209) cost=1 rem=4351, ETA~0.2ч
[20:26:47] pr_merged: 1360/4089 (всего 7075/11209) cost=1 rem=4350, ETA~0.2ч
[20:26:49] pr_merged: 1368/4089 (всего 7083/11209) cost=1 rem=4349, ETA~0.2ч
[20:26:50] pr_merged: 1376/4089 (всего 7091/11209) cost=1 rem=4348, ETA~0.2ч
[20:26:52] pr_merged: 1384/4089 (всего 7099/11209) cost=1 rem=4347, ETA~0.2ч
[20:26:53] pr_merged: 1392/4089 (всего 7107/11209) cost=1 rem=4346, ETA~0.2ч
[20:26:55] pr_merged: 1400/4089 (всего 7115/11209) cost=1 rem=4345, ETA~0.2ч
[20:26:57] pr_merged: 1408/4089 (всего 7123/11209) cost=1 rem=4344, ETA~0.2ч
[20:26:59] pr_merged: 1416/4089 (всего 7131/11209) cost=1 rem=4343, ETA~0.2ч
[20:27:01] pr_merged: 1424/4089 (всего 7139/11209) cost=1 rem=4342, ETA~0.2ч
[20:27:03] pr_merged: 1432/4089 (всего 7147/11209) cost=1 rem=4341, ETA~0.2ч
[20:27:05] pr_merged: 1440/4089 (всего 7155/11209) cost=1 rem=4340, ETA~0.2ч
[20:27:07] pr_merged: 1448/4089 (всего 7163/11209) cost=1 rem=4339, ETA~0.2ч
[20:27:09] pr_merged: 1456/4089 (всего 7171/11209) cost=1 rem=4338, ETA~0.2ч
[20:27:10] pr_merged: 1464/4089 (всего 7179/11209) cost=1 rem=4337, ETA~0.2ч
[20:27:12] pr_merged: 1472/4089 (всего 7187/11209) cost=1 rem=4336, ETA~0.2ч
[20:27:14] pr_merged: 1480/4089 (всего 7195/11209) cost=1 rem=4335, ETA~0.2ч
[20:27:15] pr_merged: 1488/4089 (всего 7203/11209) cost=1 rem=4334, ETA~0.2ч
[20:27:17] pr_merged: 1496/4089 (всего 7211/11209) cost=1 rem=4333, ETA~0.2ч
[20:27:18] pr_merged: 1504/4089 (всего 7219/11209) cost=1 rem=4332, ETA~0.2ч
[20:27:20] pr_merged: 1512/4089 (всего 7227/11209) cost=1 rem=4331, ETA~0.2ч
[20:27:22] pr_merged: 1520/4089 (всего 7235/11209) cost=1 rem=4330, ETA~0.2ч
[20:27:23] pr_merged: 1528/4089 (всего 7243/11209) cost=1 rem=4329, ETA~0.2ч
[20:27:25] pr_merged: 1536/4089 (всего 7251/11209) cost=1 rem=4328, ETA~0.2ч
[20:27:26] pr_merged: 1544/4089 (всего 7259/11209) cost=1 rem=4327, ETA~0.2ч
[20:27:28] pr_merged: 1552/4089 (всего 7267/11209) cost=1 rem=4326, ETA~0.2ч
[20:27:29] pr_merged: 1560/4089 (всего 7275/11209) cost=1 rem=4325, ETA~0.2ч
[20:27:31] pr_merged: 1568/4089 (всего 7283/11209) cost=1 rem=4324, ETA~0.2ч
[20:27:33] pr_merged: 1576/4089 (всего 7291/11209) cost=1 rem=4323, ETA~0.2ч
[20:27:34] pr_merged: 1584/4089 (всего 7299/11209) cost=1 rem=4322, ETA~0.2ч
[20:27:37] pr_merged: 1592/4089 (всего 7307/11209) cost=1 rem=4321, ETA~0.2ч
[20:27:40] pr_merged: 1600/4089 (всего 7315/11209) cost=1 rem=4320, ETA~0.2ч
[20:27:41] pr_merged: 1608/4089 (всего 7323/11209) cost=1 rem=4319, ETA~0.2ч
[20:27:44] pr_merged: 1616/4089 (всего 7331/11209) cost=1 rem=4318, ETA~0.2ч
[20:27:45] pr_merged: 1624/4089 (всего 7339/11209) cost=1 rem=4317, ETA~0.2ч
[20:27:48] pr_merged: 1632/4089 (всего 7347/11209) cost=1 rem=4316, ETA~0.2ч
[20:27:49] pr_merged: 1640/4089 (всего 7355/11209) cost=1 rem=4315, ETA~0.2ч
[20:27:51] pr_merged: 1648/4089 (всего 7363/11209) cost=1 rem=4314, ETA~0.2ч
[20:27:53] pr_merged: 1656/4089 (всего 7371/11209) cost=1 rem=4313, ETA~0.2ч
[20:27:55] pr_merged: 1664/4089 (всего 7379/11209) cost=1 rem=4312, ETA~0.2ч
[20:27:57] pr_merged: 1672/4089 (всего 7387/11209) cost=1 rem=4311, ETA~0.2ч
[20:27:59] pr_merged: 1680/4089 (всего 7395/11209) cost=1 rem=4310, ETA~0.2ч
[20:28:00] pr_merged: 1688/4089 (всего 7403/11209) cost=1 rem=4309, ETA~0.2ч
[20:28:02] pr_merged: 1696/4089 (всего 7411/11209) cost=1 rem=4308, ETA~0.2ч
[20:28:04] pr_merged: 1704/4089 (всего 7419/11209) cost=1 rem=4307, ETA~0.2ч
[20:28:06] pr_merged: 1712/4089 (всего 7427/11209) cost=1 rem=4306, ETA~0.2ч
[20:28:08] pr_merged: 1720/4089 (всего 7435/11209) cost=1 rem=4305, ETA~0.2ч
[20:28:09] pr_merged: 1728/4089 (всего 7443/11209) cost=1 rem=4304, ETA~0.2ч
[20:28:12] pr_merged: 1736/4089 (всего 7451/11209) cost=1 rem=4303, ETA~0.2ч
[20:28:13] pr_merged: 1744/4089 (всего 7459/11209) cost=1 rem=4302, ETA~0.2ч
[20:28:15] pr_merged: 1752/4089 (всего 7467/11209) cost=1 rem=4301, ETA~0.2ч
[20:28:17] pr_merged: 1760/4089 (всего 7475/11209) cost=1 rem=4300, ETA~0.2ч
[20:28:19] pr_merged: 1768/4089 (всего 7483/11209) cost=1 rem=4299, ETA~0.2ч
[20:28:21] pr_merged: 1776/4089 (всего 7491/11209) cost=1 rem=4298, ETA~0.2ч
[20:28:22] pr_merged: 1784/4089 (всего 7499/11209) cost=1 rem=4297, ETA~0.2ч
[20:28:23] pr_merged: 1792/4089 (всего 7507/11209) cost=1 rem=4296, ETA~0.2ч
[20:28:25] pr_merged: 1800/4089 (всего 7515/11209) cost=1 rem=4295, ETA~0.2ч
[20:28:27] pr_merged: 1808/4089 (всего 7523/11209) cost=1 rem=4294, ETA~0.2ч
[20:28:29] pr_merged: 1816/4089 (всего 7531/11209) cost=1 rem=4293, ETA~0.2ч
[20:28:31] pr_merged: 1824/4089 (всего 7539/11209) cost=1 rem=4292, ETA~0.2ч
[20:28:33] pr_merged: 1832/4089 (всего 7547/11209) cost=1 rem=4291, ETA~0.2ч
[20:28:35] pr_merged: 1840/4089 (всего 7555/11209) cost=1 rem=4290, ETA~0.2ч
[20:28:36] pr_merged: 1848/4089 (всего 7563/11209) cost=1 rem=4289, ETA~0.2ч
[20:28:38] pr_merged: 1856/4089 (всего 7571/11209) cost=1 rem=4288, ETA~0.2ч
[20:28:40] pr_merged: 1864/4089 (всего 7579/11209) cost=1 rem=4287, ETA~0.2ч
[20:28:42] pr_merged: 1872/4089 (всего 7587/11209) cost=1 rem=4286, ETA~0.2ч
[20:28:44] pr_merged: 1880/4089 (всего 7595/11209) cost=1 rem=4285, ETA~0.2ч
[20:28:45] pr_merged: 1888/4089 (всего 7603/11209) cost=1 rem=4284, ETA~0.2ч
[20:28:47] pr_merged: 1896/4089 (всего 7611/11209) cost=1 rem=4283, ETA~0.2ч
[20:28:49] pr_merged: 1904/4089 (всего 7619/11209) cost=1 rem=4282, ETA~0.2ч
[20:28:50] pr_merged: 1912/4089 (всего 7627/11209) cost=1 rem=4281, ETA~0.2ч
[20:28:52] pr_merged: 1920/4089 (всего 7635/11209) cost=1 rem=4280, ETA~0.2ч
[20:28:53] pr_merged: 1928/4089 (всего 7643/11209) cost=1 rem=4279, ETA~0.2ч
[20:28:55] pr_merged: 1936/4089 (всего 7651/11209) cost=1 rem=4278, ETA~0.2ч
[20:28:57] pr_merged: 1944/4089 (всего 7659/11209) cost=1 rem=4277, ETA~0.2ч
[20:28:59] pr_merged: 1952/4089 (всего 7667/11209) cost=1 rem=4276, ETA~0.2ч
[20:29:00] pr_merged: 1960/4089 (всего 7675/11209) cost=1 rem=4275, ETA~0.2ч
[20:29:02] pr_merged: 1968/4089 (всего 7683/11209) cost=1 rem=4274, ETA~0.2ч
[20:29:05] pr_merged: 1976/4089 (всего 7691/11209) cost=1 rem=4273, ETA~0.2ч
[20:29:06] pr_merged: 1984/4089 (всего 7699/11209) cost=1 rem=4272, ETA~0.2ч
[20:29:08] pr_merged: 1992/4089 (всего 7707/11209) cost=1 rem=4271, ETA~0.2ч
[20:29:10] pr_merged: 2000/4089 (всего 7715/11209) cost=1 rem=4270, ETA~0.2ч
[20:29:11] pr_merged: 2008/4089 (всего 7723/11209) cost=1 rem=4269, ETA~0.2ч
[20:29:14] pr_merged: 2016/4089 (всего 7731/11209) cost=1 rem=4268, ETA~0.2ч
[20:29:16] pr_merged: 2024/4089 (всего 7739/11209) cost=1 rem=4267, ETA~0.2ч
[20:29:18] pr_merged: 2032/4089 (всего 7747/11209) cost=1 rem=4266, ETA~0.2ч
[20:29:19] pr_merged: 2040/4089 (всего 7755/11209) cost=1 rem=4265, ETA~0.2ч
[20:29:21] pr_merged: 2048/4089 (всего 7763/11209) cost=1 rem=4264, ETA~0.2ч
[20:29:23] pr_merged: 2056/4089 (всего 7771/11209) cost=1 rem=4263, ETA~0.2ч
[20:29:24] pr_merged: 2064/4089 (всего 7779/11209) cost=1 rem=4262, ETA~0.2ч
[20:29:26] pr_merged: 2072/4089 (всего 7787/11209) cost=1 rem=4261, ETA~0.2ч
[20:29:27] pr_merged: 2080/4089 (всего 7795/11209) cost=1 rem=4260, ETA~0.2ч
[20:29:29] pr_merged: 2088/4089 (всего 7803/11209) cost=1 rem=4259, ETA~0.2ч
[20:29:31] pr_merged: 2096/4089 (всего 7811/11209) cost=1 rem=4258, ETA~0.2ч
[20:29:33] pr_merged: 2104/4089 (всего 7819/11209) cost=1 rem=4257, ETA~0.2ч
[20:29:35] pr_merged: 2112/4089 (всего 7827/11209) cost=1 rem=4256, ETA~0.2ч
[20:29:36] pr_merged: 2120/4089 (всего 7835/11209) cost=1 rem=4255, ETA~0.2ч
[20:29:38] pr_merged: 2128/4089 (всего 7843/11209) cost=1 rem=4254, ETA~0.2ч
[20:29:40] pr_merged: 2136/4089 (всего 7851/11209) cost=1 rem=4253, ETA~0.2ч
[20:29:42] pr_merged: 2144/4089 (всего 7859/11209) cost=1 rem=4252, ETA~0.2ч
[20:29:44] pr_merged: 2152/4089 (всего 7867/11209) cost=1 rem=4251, ETA~0.2ч
[20:29:46] pr_merged: 2160/4089 (всего 7875/11209) cost=1 rem=4250, ETA~0.2ч
[20:29:48] pr_merged: 2168/4089 (всего 7883/11209) cost=1 rem=4249, ETA~0.2ч
[20:29:50] pr_merged: 2176/4089 (всего 7891/11209) cost=1 rem=4248, ETA~0.2ч
[20:29:52] pr_merged: 2184/4089 (всего 7899/11209) cost=1 rem=4247, ETA~0.2ч
[20:29:54] pr_merged: 2192/4089 (всего 7907/11209) cost=1 rem=4246, ETA~0.2ч
[20:29:56] pr_merged: 2200/4089 (всего 7915/11209) cost=1 rem=4245, ETA~0.2ч
[20:29:58] pr_merged: 2208/4089 (всего 7923/11209) cost=1 rem=4244, ETA~0.2ч
[20:30:00] pr_merged: 2216/4089 (всего 7931/11209) cost=1 rem=4243, ETA~0.2ч
[20:30:02] pr_merged: 2224/4089 (всего 7939/11209) cost=1 rem=4242, ETA~0.2ч
[20:30:03] pr_merged: 2232/4089 (всего 7947/11209) cost=1 rem=4241, ETA~0.2ч
[20:30:06] pr_merged: 2240/4089 (всего 7955/11209) cost=1 rem=4240, ETA~0.2ч
[20:30:08] pr_merged: 2248/4089 (всего 7963/11209) cost=1 rem=4239, ETA~0.2ч
[20:30:10] pr_merged: 2256/4089 (всего 7971/11209) cost=1 rem=4238, ETA~0.2ч
[20:30:12] pr_merged: 2264/4089 (всего 7979/11209) cost=1 rem=4237, ETA~0.2ч
[20:30:14] pr_merged: 2272/4089 (всего 7987/11209) cost=1 rem=4236, ETA~0.2ч
[20:30:16] pr_merged: 2280/4089 (всего 7995/11209) cost=1 rem=4235, ETA~0.2ч
[20:30:18] pr_merged: 2288/4089 (всего 8003/11209) cost=1 rem=4234, ETA~0.2ч
[20:30:20] pr_merged: 2296/4089 (всего 8011/11209) cost=1 rem=4233, ETA~0.2ч
[20:30:22] pr_merged: 2304/4089 (всего 8019/11209) cost=1 rem=4232, ETA~0.2ч
[20:30:24] pr_merged: 2312/4089 (всего 8027/11209) cost=1 rem=4231, ETA~0.2ч
[20:30:26] pr_merged: 2320/4089 (всего 8035/11209) cost=1 rem=4230, ETA~0.2ч
[20:30:28] pr_merged: 2328/4089 (всего 8043/11209) cost=1 rem=4229, ETA~0.2ч
[20:30:30] pr_merged: 2336/4089 (всего 8051/11209) cost=1 rem=4228, ETA~0.2ч
[20:30:32] pr_merged: 2344/4089 (всего 8059/11209) cost=1 rem=4227, ETA~0.2ч
[20:30:33] pr_merged: 2352/4089 (всего 8067/11209) cost=1 rem=4226, ETA~0.2ч
[20:30:35] pr_merged: 2360/4089 (всего 8075/11209) cost=1 rem=4225, ETA~0.2ч
[20:30:37] pr_merged: 2368/4089 (всего 8083/11209) cost=1 rem=4224, ETA~0.2ч
[20:30:39] pr_merged: 2376/4089 (всего 8091/11209) cost=1 rem=4223, ETA~0.2ч
[20:30:41] pr_merged: 2384/4089 (всего 8099/11209) cost=1 rem=4222, ETA~0.2ч
[20:30:44] pr_merged: 2392/4089 (всего 8107/11209) cost=1 rem=4221, ETA~0.2ч
[20:30:46] pr_merged: 2400/4089 (всего 8115/11209) cost=1 rem=4220, ETA~0.2ч
[20:30:48] pr_merged: 2408/4089 (всего 8123/11209) cost=1 rem=4219, ETA~0.2ч
[20:30:49] pr_merged: 2416/4089 (всего 8131/11209) cost=1 rem=4218, ETA~0.2ч
[20:30:51] pr_merged: 2424/4089 (всего 8139/11209) cost=1 rem=4217, ETA~0.2ч
[20:30:53] pr_merged: 2432/4089 (всего 8147/11209) cost=1 rem=4216, ETA~0.2ч
[20:30:55] pr_merged: 2440/4089 (всего 8155/11209) cost=1 rem=4215, ETA~0.2ч
[20:30:57] pr_merged: 2448/4089 (всего 8163/11209) cost=1 rem=4214, ETA~0.2ч
[20:30:59] pr_merged: 2456/4089 (всего 8171/11209) cost=1 rem=4213, ETA~0.2ч
[20:31:01] pr_merged: 2464/4089 (всего 8179/11209) cost=1 rem=4212, ETA~0.2ч
[20:31:02] pr_merged: 2472/4089 (всего 8187/11209) cost=1 rem=4211, ETA~0.2ч
[20:31:04] pr_merged: 2480/4089 (всего 8195/11209) cost=1 rem=4210, ETA~0.2ч
[20:31:07] pr_merged: 2488/4089 (всего 8203/11209) cost=1 rem=4209, ETA~0.2ч
[20:31:10] pr_merged: 2496/4089 (всего 8211/11209) cost=1 rem=4208, ETA~0.2ч
[20:31:12] pr_merged: 2504/4089 (всего 8219/11209) cost=1 rem=4207, ETA~0.2ч
[20:31:14] pr_merged: 2512/4089 (всего 8227/11209) cost=1 rem=4206, ETA~0.2ч
[20:31:16] pr_merged: 2520/4089 (всего 8235/11209) cost=1 rem=4205, ETA~0.2ч
[20:31:18] pr_merged: 2528/4089 (всего 8243/11209) cost=1 rem=4204, ETA~0.2ч
[20:31:20] pr_merged: 2536/4089 (всего 8251/11209) cost=1 rem=4203, ETA~0.2ч
[20:31:22] pr_merged: 2544/4089 (всего 8259/11209) cost=1 rem=4202, ETA~0.2ч
[20:31:24] pr_merged: 2552/4089 (всего 8267/11209) cost=1 rem=4201, ETA~0.2ч
[20:31:26] pr_merged: 2560/4089 (всего 8275/11209) cost=1 rem=4200, ETA~0.2ч
[20:31:28] pr_merged: 2568/4089 (всего 8283/11209) cost=1 rem=4199, ETA~0.2ч
[20:31:30] pr_merged: 2576/4089 (всего 8291/11209) cost=1 rem=4198, ETA~0.2ч
[20:31:32] pr_merged: 2584/4089 (всего 8299/11209) cost=1 rem=4197, ETA~0.2ч
[20:31:34] pr_merged: 2592/4089 (всего 8307/11209) cost=1 rem=4196, ETA~0.2ч
[20:31:35] pr_merged: 2600/4089 (всего 8315/11209) cost=1 rem=4195, ETA~0.2ч
[20:31:37] pr_merged: 2608/4089 (всего 8323/11209) cost=1 rem=4194, ETA~0.2ч
[20:31:39] pr_merged: 2616/4089 (всего 8331/11209) cost=1 rem=4193, ETA~0.2ч
[20:31:41] pr_merged: 2624/4089 (всего 8339/11209) cost=1 rem=4192, ETA~0.2ч
[20:31:43] pr_merged: 2632/4089 (всего 8347/11209) cost=1 rem=4191, ETA~0.2ч
[20:31:45] pr_merged: 2640/4089 (всего 8355/11209) cost=1 rem=4190, ETA~0.2ч
[20:31:47] pr_merged: 2648/4089 (всего 8363/11209) cost=1 rem=4189, ETA~0.2ч
[20:31:49] pr_merged: 2656/4089 (всего 8371/11209) cost=1 rem=4188, ETA~0.2ч
[20:31:51] pr_merged: 2664/4089 (всего 8379/11209) cost=1 rem=4187, ETA~0.2ч
[20:31:53] pr_merged: 2672/4089 (всего 8387/11209) cost=1 rem=4186, ETA~0.2ч
[20:31:55] pr_merged: 2680/4089 (всего 8395/11209) cost=1 rem=4185, ETA~0.2ч
[20:31:57] pr_merged: 2688/4089 (всего 8403/11209) cost=1 rem=4184, ETA~0.1ч
[20:31:59] pr_merged: 2696/4089 (всего 8411/11209) cost=1 rem=4183, ETA~0.1ч
[20:32:01] pr_merged: 2704/4089 (всего 8419/11209) cost=1 rem=4182, ETA~0.1ч
[20:32:03] pr_merged: 2712/4089 (всего 8427/11209) cost=1 rem=4181, ETA~0.1ч
[20:32:05] pr_merged: 2720/4089 (всего 8435/11209) cost=1 rem=4180, ETA~0.1ч
[20:32:07] pr_merged: 2728/4089 (всего 8443/11209) cost=1 rem=4179, ETA~0.1ч
[20:32:09] pr_merged: 2736/4089 (всего 8451/11209) cost=1 rem=4178, ETA~0.1ч
[20:32:11] pr_merged: 2744/4089 (всего 8459/11209) cost=1 rem=4177, ETA~0.1ч
[20:32:13] pr_merged: 2752/4089 (всего 8467/11209) cost=1 rem=4176, ETA~0.1ч
[20:32:16] pr_merged: 2760/4089 (всего 8475/11209) cost=1 rem=4175, ETA~0.1ч
[20:32:18] pr_merged: 2768/4089 (всего 8483/11209) cost=1 rem=4174, ETA~0.1ч
[20:32:20] pr_merged: 2776/4089 (всего 8491/11209) cost=1 rem=4173, ETA~0.1ч
[20:32:22] pr_merged: 2784/4089 (всего 8499/11209) cost=1 rem=4172, ETA~0.1ч
[20:32:24] pr_merged: 2792/4089 (всего 8507/11209) cost=1 rem=4171, ETA~0.1ч
[20:32:27] pr_merged: 2800/4089 (всего 8515/11209) cost=1 rem=4170, ETA~0.1ч
[20:32:29] pr_merged: 2808/4089 (всего 8523/11209) cost=1 rem=4169, ETA~0.1ч
[20:32:31] pr_merged: 2816/4089 (всего 8531/11209) cost=1 rem=4168, ETA~0.1ч
[20:32:33] pr_merged: 2824/4089 (всего 8539/11209) cost=1 rem=4167, ETA~0.1ч
[20:32:35] pr_merged: 2832/4089 (всего 8547/11209) cost=1 rem=4166, ETA~0.1ч
[20:32:38] pr_merged: 2840/4089 (всего 8555/11209) cost=1 rem=4165, ETA~0.1ч
[20:32:39] pr_merged: 2848/4089 (всего 8563/11209) cost=1 rem=4164, ETA~0.1ч
[20:32:42] pr_merged: 2856/4089 (всего 8571/11209) cost=1 rem=4163, ETA~0.1ч
[20:32:44] pr_merged: 2864/4089 (всего 8579/11209) cost=1 rem=4162, ETA~0.1ч
[20:32:47] pr_merged: 2872/4089 (всего 8587/11209) cost=1 rem=4161, ETA~0.1ч
[20:32:48] pr_merged: 2880/4089 (всего 8595/11209) cost=1 rem=4160, ETA~0.1ч
[20:32:50] pr_merged: 2888/4089 (всего 8603/11209) cost=1 rem=4159, ETA~0.1ч
[20:32:52] pr_merged: 2896/4089 (всего 8611/11209) cost=1 rem=4158, ETA~0.1ч
[20:32:54] pr_merged: 2904/4089 (всего 8619/11209) cost=1 rem=4157, ETA~0.1ч
[20:32:56] pr_merged: 2912/4089 (всего 8627/11209) cost=1 rem=4156, ETA~0.1ч
[20:32:58] pr_merged: 2920/4089 (всего 8635/11209) cost=1 rem=4155, ETA~0.1ч
[20:33:01] pr_merged: 2928/4089 (всего 8643/11209) cost=1 rem=4154, ETA~0.1ч
[20:33:03] pr_merged: 2936/4089 (всего 8651/11209) cost=1 rem=4153, ETA~0.1ч
[20:33:05] pr_merged: 2944/4089 (всего 8659/11209) cost=1 rem=4152, ETA~0.1ч
[20:33:08] pr_merged: 2952/4089 (всего 8667/11209) cost=1 rem=4151, ETA~0.1ч
[20:33:10] pr_merged: 2960/4089 (всего 8675/11209) cost=1 rem=4150, ETA~0.1ч
[20:33:12] pr_merged: 2968/4089 (всего 8683/11209) cost=1 rem=4149, ETA~0.1ч
[20:33:13] pr_merged: 2976/4089 (всего 8691/11209) cost=1 rem=4148, ETA~0.1ч
[20:33:15] pr_merged: 2984/4089 (всего 8699/11209) cost=1 rem=4147, ETA~0.1ч
[20:33:21] pr_merged: 2992/4089 (всего 8707/11209) cost=1 rem=4146, ETA~0.1ч
[20:33:23] pr_merged: 3000/4089 (всего 8715/11209) cost=1 rem=4145, ETA~0.1ч
[20:33:25] pr_merged: 3008/4089 (всего 8723/11209) cost=1 rem=4144, ETA~0.1ч
[20:33:28] pr_merged: 3016/4089 (всего 8731/11209) cost=1 rem=4143, ETA~0.1ч
[20:33:29] pr_merged: 3024/4089 (всего 8739/11209) cost=1 rem=4142, ETA~0.1ч
[20:33:31] pr_merged: 3032/4089 (всего 8747/11209) cost=1 rem=4141, ETA~0.1ч
[20:33:34] pr_merged: 3040/4089 (всего 8755/11209) cost=1 rem=4140, ETA~0.1ч
[20:33:36] pr_merged: 3048/4089 (всего 8763/11209) cost=1 rem=4139, ETA~0.1ч
[20:33:38] pr_merged: 3056/4089 (всего 8771/11209) cost=1 rem=4138, ETA~0.1ч
[20:33:39] pr_merged: 3064/4089 (всего 8779/11209) cost=1 rem=4137, ETA~0.1ч
[20:33:41] pr_merged: 3072/4089 (всего 8787/11209) cost=1 rem=4136, ETA~0.1ч
[20:33:43] pr_merged: 3080/4089 (всего 8795/11209) cost=1 rem=4135, ETA~0.1ч
[20:33:45] pr_merged: 3088/4089 (всего 8803/11209) cost=1 rem=4134, ETA~0.1ч
[20:33:47] pr_merged: 3096/4089 (всего 8811/11209) cost=1 rem=4133, ETA~0.1ч
[20:33:49] pr_merged: 3104/4089 (всего 8819/11209) cost=1 rem=4132, ETA~0.1ч
[20:33:54] pr_merged: 3112/4089 (всего 8827/11209) cost=1 rem=4131, ETA~0.1ч
[20:33:56] pr_merged: 3120/4089 (всего 8835/11209) cost=1 rem=4130, ETA~0.1ч
[20:33:58] pr_merged: 3128/4089 (всего 8843/11209) cost=1 rem=4129, ETA~0.1ч
[20:34:00] pr_merged: 3136/4089 (всего 8851/11209) cost=1 rem=4128, ETA~0.1ч
[20:34:02] pr_merged: 3144/4089 (всего 8859/11209) cost=1 rem=4127, ETA~0.1ч
[20:34:04] pr_merged: 3152/4089 (всего 8867/11209) cost=1 rem=4126, ETA~0.1ч
[20:34:06] pr_merged: 3160/4089 (всего 8875/11209) cost=1 rem=4125, ETA~0.1ч
[20:34:08] pr_merged: 3168/4089 (всего 8883/11209) cost=1 rem=4124, ETA~0.1ч
[20:34:10] pr_merged: 3176/4089 (всего 8891/11209) cost=1 rem=4123, ETA~0.1ч
[20:34:13] pr_merged: 3184/4089 (всего 8899/11209) cost=1 rem=4122, ETA~0.1ч
[20:34:15] pr_merged: 3192/4089 (всего 8907/11209) cost=1 rem=4121, ETA~0.1ч
[20:34:18] pr_merged: 3200/4089 (всего 8915/11209) cost=1 rem=4120, ETA~0.1ч
[20:34:21] pr_merged: 3208/4089 (всего 8923/11209) cost=1 rem=4119, ETA~0.1ч
[20:34:23] pr_merged: 3216/4089 (всего 8931/11209) cost=1 rem=4118, ETA~0.1ч
[20:34:25] pr_merged: 3224/4089 (всего 8939/11209) cost=1 rem=4117, ETA~0.1ч
[20:34:27] pr_merged: 3232/4089 (всего 8947/11209) cost=1 rem=4116, ETA~0.1ч
[20:34:29] pr_merged: 3240/4089 (всего 8955/11209) cost=1 rem=4115, ETA~0.1ч
[20:34:31] pr_merged: 3248/4089 (всего 8963/11209) cost=1 rem=4114, ETA~0.1ч
[20:34:32] pr_merged: 3256/4089 (всего 8971/11209) cost=1 rem=4113, ETA~0.1ч
[20:34:34] pr_merged: 3264/4089 (всего 8979/11209) cost=1 rem=4111, ETA~0.1ч
[20:34:36] pr_merged: 3272/4089 (всего 8987/11209) cost=1 rem=4110, ETA~0.1ч
[20:34:38] pr_merged: 3280/4089 (всего 8995/11209) cost=1 rem=4109, ETA~0.1ч
[20:34:40] pr_merged: 3288/4089 (всего 9003/11209) cost=1 rem=4108, ETA~0.1ч
[20:34:41] pr_merged: 3296/4089 (всего 9011/11209) cost=1 rem=4107, ETA~0.1ч
[20:34:43] pr_merged: 3304/4089 (всего 9019/11209) cost=1 rem=4106, ETA~0.1ч
[20:34:45] pr_merged: 3312/4089 (всего 9027/11209) cost=1 rem=4105, ETA~0.1ч
[20:34:47] pr_merged: 3320/4089 (всего 9035/11209) cost=1 rem=4104, ETA~0.1ч
[20:34:48] pr_merged: 3328/4089 (всего 9043/11209) cost=1 rem=4103, ETA~0.1ч
[20:34:50] pr_merged: 3336/4089 (всего 9051/11209) cost=1 rem=4102, ETA~0.1ч
[20:34:52] pr_merged: 3344/4089 (всего 9059/11209) cost=1 rem=4101, ETA~0.1ч
[20:34:55] pr_merged: 3352/4089 (всего 9067/11209) cost=1 rem=4100, ETA~0.1ч
[20:34:57] pr_merged: 3360/4089 (всего 9075/11209) cost=1 rem=4099, ETA~0.1ч
[20:34:59] pr_merged: 3368/4089 (всего 9083/11209) cost=1 rem=4098, ETA~0.1ч
[20:35:01] pr_merged: 3376/4089 (всего 9091/11209) cost=1 rem=4097, ETA~0.1ч
[20:35:05] pr_merged: 3384/4089 (всего 9099/11209) cost=1 rem=4096, ETA~0.1ч
[20:35:06] pr_merged: 3392/4089 (всего 9107/11209) cost=1 rem=4095, ETA~0.1ч
[20:35:09] pr_merged: 3400/4089 (всего 9115/11209) cost=1 rem=4094, ETA~0.1ч
[20:35:10] pr_merged: 3408/4089 (всего 9123/11209) cost=1 rem=4093, ETA~0.1ч
[20:35:12] pr_merged: 3416/4089 (всего 9131/11209) cost=1 rem=4092, ETA~0.1ч
[20:35:14] pr_merged: 3424/4089 (всего 9139/11209) cost=1 rem=4091, ETA~0.1ч
[20:35:16] pr_merged: 3432/4089 (всего 9147/11209) cost=1 rem=4090, ETA~0.1ч
[20:35:17] pr_merged: 3440/4089 (всего 9155/11209) cost=1 rem=4089, ETA~0.1ч
[20:35:19] pr_merged: 3448/4089 (всего 9163/11209) cost=1 rem=4088, ETA~0.1ч
[20:35:22] pr_merged: 3456/4089 (всего 9171/11209) cost=1 rem=4087, ETA~0.1ч
[20:35:23] pr_merged: 3464/4089 (всего 9179/11209) cost=1 rem=4086, ETA~0.1ч
[20:35:25] pr_merged: 3472/4089 (всего 9187/11209) cost=1 rem=4085, ETA~0.1ч
[20:35:27] pr_merged: 3480/4089 (всего 9195/11209) cost=1 rem=4084, ETA~0.1ч
[20:35:29] pr_merged: 3488/4089 (всего 9203/11209) cost=1 rem=4083, ETA~0.1ч
[20:35:31] pr_merged: 3496/4089 (всего 9211/11209) cost=1 rem=4082, ETA~0.1ч
[20:35:34] pr_merged: 3504/4089 (всего 9219/11209) cost=1 rem=4081, ETA~0.1ч
[20:35:38] pr_merged: 3512/4089 (всего 9227/11209) cost=1 rem=4080, ETA~0.1ч
[20:35:41] pr_merged: 3520/4089 (всего 9235/11209) cost=1 rem=4079, ETA~0.1ч
[20:35:43] pr_merged: 3528/4089 (всего 9243/11209) cost=1 rem=4078, ETA~0.1ч
[20:35:46] pr_merged: 3536/4089 (всего 9251/11209) cost=1 rem=4077, ETA~0.1ч
[20:35:49] pr_merged: 3544/4089 (всего 9259/11209) cost=1 rem=4076, ETA~0.1ч
[20:35:51] pr_merged: 3552/4089 (всего 9267/11209) cost=1 rem=4075, ETA~0.1ч
[20:35:53] pr_merged: 3560/4089 (всего 9275/11209) cost=1 rem=4074, ETA~0.1ч
[20:35:55] pr_merged: 3568/4089 (всего 9283/11209) cost=1 rem=4073, ETA~0.1ч
[20:35:57] pr_merged: 3576/4089 (всего 9291/11209) cost=1 rem=4072, ETA~0.1ч
[20:35:59] pr_merged: 3584/4089 (всего 9299/11209) cost=1 rem=4071, ETA~0.1ч
[20:36:00] pr_merged: 3592/4089 (всего 9307/11209) cost=1 rem=4070, ETA~0.1ч
[20:36:02] pr_merged: 3600/4089 (всего 9315/11209) cost=1 rem=4069, ETA~0.1ч
[20:36:04] pr_merged: 3608/4089 (всего 9323/11209) cost=1 rem=4068, ETA~0.1ч
[20:36:06] pr_merged: 3616/4089 (всего 9331/11209) cost=1 rem=4067, ETA~0.1ч
[20:36:08] pr_merged: 3624/4089 (всего 9339/11209) cost=1 rem=4066, ETA~0.1ч
[20:36:10] pr_merged: 3632/4089 (всего 9347/11209) cost=1 rem=4065, ETA~0.1ч
[20:36:12] pr_merged: 3640/4089 (всего 9355/11209) cost=1 rem=4064, ETA~0.1ч
[20:36:14] pr_merged: 3648/4089 (всего 9363/11209) cost=1 rem=4063, ETA~0.1ч
[20:36:16] pr_merged: 3656/4089 (всего 9371/11209) cost=1 rem=4062, ETA~0.1ч
[20:36:18] pr_merged: 3664/4089 (всего 9379/11209) cost=1 rem=4061, ETA~0.1ч
[20:36:20] pr_merged: 3672/4089 (всего 9387/11209) cost=1 rem=4060, ETA~0.1ч
[20:36:22] pr_merged: 3680/4089 (всего 9395/11209) cost=1 rem=4059, ETA~0.1ч
[20:36:23] pr_merged: 3688/4089 (всего 9403/11209) cost=1 rem=4058, ETA~0.1ч
[20:36:25] pr_merged: 3696/4089 (всего 9411/11209) cost=1 rem=4057, ETA~0.1ч
[20:36:28] pr_merged: 3704/4089 (всего 9419/11209) cost=1 rem=4056, ETA~0.1ч
[20:36:29] pr_merged: 3712/4089 (всего 9427/11209) cost=1 rem=4055, ETA~0.1ч
[20:36:31] pr_merged: 3720/4089 (всего 9435/11209) cost=1 rem=4054, ETA~0.1ч
[20:36:34] pr_merged: 3728/4089 (всего 9443/11209) cost=1 rem=4053, ETA~0.1ч
[20:36:35] pr_merged: 3736/4089 (всего 9451/11209) cost=1 rem=4052, ETA~0.1ч
[20:36:37] pr_merged: 3744/4089 (всего 9459/11209) cost=1 rem=4051, ETA~0.1ч
[20:36:39] pr_merged: 3752/4089 (всего 9467/11209) cost=1 rem=4050, ETA~0.1ч
[20:36:41] pr_merged: 3760/4089 (всего 9475/11209) cost=1 rem=4049, ETA~0.1ч
[20:36:43] pr_merged: 3768/4089 (всего 9483/11209) cost=1 rem=4048, ETA~0.1ч
[20:36:45] pr_merged: 3776/4089 (всего 9491/11209) cost=1 rem=4047, ETA~0.1ч
[20:36:47] pr_merged: 3784/4089 (всего 9499/11209) cost=1 rem=4046, ETA~0.1ч
[20:36:48] pr_merged: 3792/4089 (всего 9507/11209) cost=1 rem=4045, ETA~0.1ч
[20:36:50] pr_merged: 3800/4089 (всего 9515/11209) cost=1 rem=4044, ETA~0.1ч
[20:36:52] pr_merged: 3808/4089 (всего 9523/11209) cost=1 rem=4043, ETA~0.1ч
[20:36:54] pr_merged: 3816/4089 (всего 9531/11209) cost=1 rem=4042, ETA~0.1ч
[20:36:56] pr_merged: 3824/4089 (всего 9539/11209) cost=1 rem=4041, ETA~0.1ч
[20:36:58] pr_merged: 3832/4089 (всего 9547/11209) cost=1 rem=4040, ETA~0.1ч
[20:37:00] pr_merged: 3840/4089 (всего 9555/11209) cost=1 rem=4039, ETA~0.1ч
[20:37:02] pr_merged: 3848/4089 (всего 9563/11209) cost=1 rem=4038, ETA~0.1ч
[20:37:04] pr_merged: 3856/4089 (всего 9571/11209) cost=1 rem=4037, ETA~0.1ч
[20:37:05] pr_merged: 3864/4089 (всего 9579/11209) cost=1 rem=4036, ETA~0.1ч
[20:37:07] pr_merged: 3872/4089 (всего 9587/11209) cost=1 rem=4035, ETA~0.1ч
[20:37:09] pr_merged: 3880/4089 (всего 9595/11209) cost=1 rem=4034, ETA~0.1ч
[20:37:11] pr_merged: 3888/4089 (всего 9603/11209) cost=1 rem=4033, ETA~0.1ч
[20:37:14] pr_merged: 3896/4089 (всего 9611/11209) cost=1 rem=4032, ETA~0.1ч
[20:37:16] pr_merged: 3904/4089 (всего 9619/11209) cost=1 rem=4031, ETA~0.1ч
[20:37:18] pr_merged: 3912/4089 (всего 9627/11209) cost=1 rem=4030, ETA~0.1ч
[20:37:20] pr_merged: 3920/4089 (всего 9635/11209) cost=1 rem=4029, ETA~0.1ч
[20:37:22] pr_merged: 3928/4089 (всего 9643/11209) cost=1 rem=4028, ETA~0.1ч
[20:37:24] pr_merged: 3936/4089 (всего 9651/11209) cost=1 rem=4027, ETA~0.1ч
[20:37:26] pr_merged: 3944/4089 (всего 9659/11209) cost=1 rem=4026, ETA~0.1ч
[20:37:27] pr_merged: 3952/4089 (всего 9667/11209) cost=1 rem=4025, ETA~0.1ч
[20:37:29] pr_merged: 3960/4089 (всего 9675/11209) cost=1 rem=4024, ETA~0.1ч
[20:37:31] pr_merged: 3968/4089 (всего 9683/11209) cost=1 rem=4023, ETA~0.1ч
[20:37:32] pr_merged: 3976/4089 (всего 9691/11209) cost=1 rem=4022, ETA~0.1ч
[20:37:34] pr_merged: 3984/4089 (всего 9699/11209) cost=1 rem=4021, ETA~0.1ч
[20:37:36] pr_merged: 3992/4089 (всего 9707/11209) cost=1 rem=4020, ETA~0.1ч
[20:37:38] pr_merged: 4000/4089 (всего 9715/11209) cost=1 rem=4019, ETA~0.1ч
[20:37:40] pr_merged: 4008/4089 (всего 9723/11209) cost=1 rem=4018, ETA~0.1ч
[20:37:41] pr_merged: 4016/4089 (всего 9731/11209) cost=1 rem=4017, ETA~0.1ч
[20:37:43] pr_merged: 4024/4089 (всего 9739/11209) cost=1 rem=4016, ETA~0.1ч
[20:37:44] pr_merged: 4032/4089 (всего 9747/11209) cost=1 rem=4015, ETA~0.1ч
[20:37:46] pr_merged: 4040/4089 (всего 9755/11209) cost=1 rem=4014, ETA~0.1ч
[20:37:48] pr_merged: 4048/4089 (всего 9763/11209) cost=1 rem=4013, ETA~0.1ч
[20:37:50] pr_merged: 4056/4089 (всего 9771/11209) cost=1 rem=4012, ETA~0.1ч
[20:37:52] pr_merged: 4064/4089 (всего 9779/11209) cost=1 rem=4011, ETA~0.1ч
[20:37:53] pr_merged: 4072/4089 (всего 9787/11209) cost=1 rem=4010, ETA~0.1ч
[20:37:55] pr_merged: 4080/4089 (всего 9795/11209) cost=1 rem=4009, ETA~0.1ч
[20:37:56] pr_merged: 4088/4089 (всего 9803/11209) cost=1 rem=4008, ETA~0.1ч
[20:37:57] pr_merged: 4089/4089 (всего 9804/11209) cost=1 rem=4007, ETA~0.1ч
[20:37:59] pr_other: 8/1405 (всего 9812/11209) cost=1 rem=4006, ETA~0.1ч
[20:38:01] pr_other: 16/1405 (всего 9820/11209) cost=1 rem=4005, ETA~0.1ч
[20:38:03] pr_other: 24/1405 (всего 9828/11209) cost=1 rem=4004, ETA~0.1ч
[20:38:06] pr_other: 32/1405 (всего 9836/11209) cost=1 rem=4003, ETA~0.1ч
[20:38:08] pr_other: 40/1405 (всего 9844/11209) cost=1 rem=4002, ETA~0.1ч
[20:38:10] pr_other: 48/1405 (всего 9852/11209) cost=1 rem=4001, ETA~0.1ч
[20:38:13] pr_other: 56/1405 (всего 9860/11209) cost=1 rem=4000, ETA~0.1ч
[20:38:14] pr_other: 64/1405 (всего 9868/11209) cost=1 rem=3999, ETA~0.1ч
[20:38:17] pr_other: 72/1405 (всего 9876/11209) cost=1 rem=3998, ETA~0.1ч
[20:38:19] pr_other: 80/1405 (всего 9884/11209) cost=1 rem=3997, ETA~0.1ч
[20:38:21] pr_other: 88/1405 (всего 9892/11209) cost=1 rem=3996, ETA~0.1ч
[20:38:23] pr_other: 96/1405 (всего 9900/11209) cost=1 rem=3995, ETA~0.1ч
[20:38:25] pr_other: 104/1405 (всего 9908/11209) cost=1 rem=3994, ETA~0.1ч
[20:38:27] pr_other: 112/1405 (всего 9916/11209) cost=1 rem=3993, ETA~0.1ч
[20:38:29] pr_other: 120/1405 (всего 9924/11209) cost=1 rem=3992, ETA~0.1ч
[20:38:32] pr_other: 128/1405 (всего 9932/11209) cost=1 rem=3991, ETA~0.1ч
[20:38:35] pr_other: 136/1405 (всего 9940/11209) cost=1 rem=3990, ETA~0.1ч
[20:38:37] pr_other: 144/1405 (всего 9948/11209) cost=1 rem=3989, ETA~0.1ч
[20:38:39] pr_other: 152/1405 (всего 9956/11209) cost=1 rem=3988, ETA~0.1ч
[20:38:42] pr_other: 160/1405 (всего 9964/11209) cost=1 rem=3987, ETA~0.1ч
[20:38:44] pr_other: 168/1405 (всего 9972/11209) cost=1 rem=3986, ETA~0.1ч
[20:38:46] pr_other: 176/1405 (всего 9980/11209) cost=1 rem=3985, ETA~0.1ч
[20:38:48] pr_other: 184/1405 (всего 9988/11209) cost=1 rem=3984, ETA~0.1ч
[20:38:50] pr_other: 192/1405 (всего 9996/11209) cost=1 rem=3983, ETA~0.1ч
[20:38:52] pr_other: 200/1405 (всего 10004/11209) cost=1 rem=3982, ETA~0.1ч
[20:38:54] pr_other: 208/1405 (всего 10012/11209) cost=1 rem=3981, ETA~0.1ч
[20:38:55] pr_other: 216/1405 (всего 10020/11209) cost=1 rem=3980, ETA~0.1ч
[20:38:57] pr_other: 224/1405 (всего 10028/11209) cost=1 rem=3979, ETA~0.1ч
[20:38:59] pr_other: 232/1405 (всего 10036/11209) cost=1 rem=3978, ETA~0.1ч
[20:39:01] pr_other: 240/1405 (всего 10044/11209) cost=1 rem=3977, ETA~0.1ч
[20:39:03] pr_other: 248/1405 (всего 10052/11209) cost=1 rem=3976, ETA~0.1ч
[20:39:04] pr_other: 256/1405 (всего 10060/11209) cost=1 rem=3975, ETA~0.1ч
[20:39:06] pr_other: 264/1405 (всего 10068/11209) cost=1 rem=3974, ETA~0.1ч
[20:39:08] pr_other: 272/1405 (всего 10076/11209) cost=1 rem=3973, ETA~0.1ч
[20:39:10] pr_other: 280/1405 (всего 10084/11209) cost=1 rem=3972, ETA~0.1ч
[20:39:12] pr_other: 288/1405 (всего 10092/11209) cost=1 rem=3971, ETA~0.1ч
[20:39:14] pr_other: 296/1405 (всего 10100/11209) cost=1 rem=3970, ETA~0.1ч
[20:39:16] pr_other: 304/1405 (всего 10108/11209) cost=1 rem=3969, ETA~0.1ч
[20:39:18] pr_other: 312/1405 (всего 10116/11209) cost=1 rem=3968, ETA~0.1ч
[20:39:20] pr_other: 320/1405 (всего 10124/11209) cost=1 rem=3967, ETA~0.1ч
[20:39:22] pr_other: 328/1405 (всего 10132/11209) cost=1 rem=3966, ETA~0.1ч
[20:39:24] pr_other: 336/1405 (всего 10140/11209) cost=1 rem=3965, ETA~0.1ч
[20:39:26] pr_other: 344/1405 (всего 10148/11209) cost=1 rem=3964, ETA~0.1ч
[20:39:28] pr_other: 352/1405 (всего 10156/11209) cost=1 rem=3963, ETA~0.1ч
[20:39:29] pr_other: 360/1405 (всего 10164/11209) cost=1 rem=3962, ETA~0.1ч
[20:39:31] pr_other: 368/1405 (всего 10172/11209) cost=1 rem=3961, ETA~0.1ч
[20:39:33] pr_other: 376/1405 (всего 10180/11209) cost=1 rem=3960, ETA~0.1ч
[20:39:35] pr_other: 384/1405 (всего 10188/11209) cost=1 rem=3959, ETA~0.1ч
[20:39:37] pr_other: 392/1405 (всего 10196/11209) cost=1 rem=3958, ETA~0.1ч
[20:39:39] pr_other: 400/1405 (всего 10204/11209) cost=1 rem=3957, ETA~0.1ч
[20:39:41] pr_other: 408/1405 (всего 10212/11209) cost=1 rem=3956, ETA~0.1ч
[20:39:43] pr_other: 416/1405 (всего 10220/11209) cost=1 rem=3955, ETA~0.1ч
[20:39:45] pr_other: 424/1405 (всего 10228/11209) cost=1 rem=3954, ETA~0.1ч
[20:39:47] pr_other: 432/1405 (всего 10236/11209) cost=1 rem=3953, ETA~0.1ч
[20:39:48] pr_other: 440/1405 (всего 10244/11209) cost=1 rem=3952, ETA~0.1ч
[20:39:50] pr_other: 448/1405 (всего 10252/11209) cost=1 rem=3951, ETA~0.1ч
[20:39:52] pr_other: 456/1405 (всего 10260/11209) cost=1 rem=3950, ETA~0.1ч
[20:39:54] pr_other: 464/1405 (всего 10268/11209) cost=1 rem=3949, ETA~0.1ч
[20:39:55] pr_other: 472/1405 (всего 10276/11209) cost=1 rem=3948, ETA~0.1ч
[20:39:57] pr_other: 480/1405 (всего 10284/11209) cost=1 rem=3947, ETA~0.1ч
[20:39:59] pr_other: 488/1405 (всего 10292/11209) cost=1 rem=3946, ETA~0.1ч
[20:40:01] pr_other: 496/1405 (всего 10300/11209) cost=1 rem=3945, ETA~0.1ч
[20:40:03] pr_other: 504/1405 (всего 10308/11209) cost=1 rem=3944, ETA~0.1ч
[20:40:05] pr_other: 512/1405 (всего 10316/11209) cost=1 rem=3943, ETA~0.1ч
[20:40:07] pr_other: 520/1405 (всего 10324/11209) cost=1 rem=3942, ETA~0.1ч
[20:40:09] pr_other: 528/1405 (всего 10332/11209) cost=1 rem=3941, ETA~0.0ч
[20:40:11] pr_other: 536/1405 (всего 10340/11209) cost=1 rem=3940, ETA~0.0ч
[20:40:13] pr_other: 544/1405 (всего 10348/11209) cost=1 rem=3939, ETA~0.0ч
[20:40:15] pr_other: 552/1405 (всего 10356/11209) cost=1 rem=3938, ETA~0.0ч
[20:40:17] pr_other: 560/1405 (всего 10364/11209) cost=1 rem=3937, ETA~0.0ч
[20:40:19] pr_other: 568/1405 (всего 10372/11209) cost=1 rem=3936, ETA~0.0ч
[20:40:21] pr_other: 576/1405 (всего 10380/11209) cost=1 rem=3935, ETA~0.0ч
[20:40:23] pr_other: 584/1405 (всего 10388/11209) cost=1 rem=3934, ETA~0.0ч
[20:40:25] pr_other: 592/1405 (всего 10396/11209) cost=1 rem=3933, ETA~0.0ч
[20:40:27] pr_other: 600/1405 (всего 10404/11209) cost=1 rem=3932, ETA~0.0ч
[20:40:29] pr_other: 608/1405 (всего 10412/11209) cost=1 rem=3931, ETA~0.0ч
[20:40:30] pr_other: 616/1405 (всего 10420/11209) cost=1 rem=3930, ETA~0.0ч
[20:40:32] pr_other: 624/1405 (всего 10428/11209) cost=1 rem=3929, ETA~0.0ч
[20:40:34] pr_other: 632/1405 (всего 10436/11209) cost=1 rem=3928, ETA~0.0ч
[20:40:36] pr_other: 640/1405 (всего 10444/11209) cost=1 rem=3927, ETA~0.0ч
[20:40:38] pr_other: 648/1405 (всего 10452/11209) cost=1 rem=3926, ETA~0.0ч
[20:40:39] pr_other: 656/1405 (всего 10460/11209) cost=1 rem=3925, ETA~0.0ч
[20:40:41] pr_other: 664/1405 (всего 10468/11209) cost=1 rem=3924, ETA~0.0ч
[20:40:43] pr_other: 672/1405 (всего 10476/11209) cost=1 rem=3923, ETA~0.0ч
[20:40:45] pr_other: 680/1405 (всего 10484/11209) cost=1 rem=3922, ETA~0.0ч
[20:40:47] pr_other: 688/1405 (всего 10492/11209) cost=1 rem=3921, ETA~0.0ч
[20:40:49] pr_other: 696/1405 (всего 10500/11209) cost=1 rem=3920, ETA~0.0ч
[20:40:51] pr_other: 704/1405 (всего 10508/11209) cost=1 rem=3919, ETA~0.0ч
[20:40:53] pr_other: 712/1405 (всего 10516/11209) cost=1 rem=3918, ETA~0.0ч
[20:40:55] pr_other: 720/1405 (всего 10524/11209) cost=1 rem=3917, ETA~0.0ч
[20:40:56] pr_other: 728/1405 (всего 10532/11209) cost=1 rem=3916, ETA~0.0ч
[20:40:58] pr_other: 736/1405 (всего 10540/11209) cost=1 rem=3915, ETA~0.0ч
[20:41:00] pr_other: 744/1405 (всего 10548/11209) cost=1 rem=3914, ETA~0.0ч
[20:41:02] pr_other: 752/1405 (всего 10556/11209) cost=1 rem=3913, ETA~0.0ч
[20:41:04] pr_other: 760/1405 (всего 10564/11209) cost=1 rem=3912, ETA~0.0ч
[20:41:12] pr_other: 768/1405 (всего 10572/11209) cost=1 rem=3911, ETA~0.0ч
[20:41:14] pr_other: 776/1405 (всего 10580/11209) cost=1 rem=3910, ETA~0.0ч
[20:41:16] pr_other: 784/1405 (всего 10588/11209) cost=1 rem=3909, ETA~0.0ч
[20:41:17] pr_other: 792/1405 (всего 10596/11209) cost=1 rem=3908, ETA~0.0ч
[20:41:19] pr_other: 800/1405 (всего 10604/11209) cost=1 rem=3907, ETA~0.0ч
[20:41:22] pr_other: 808/1405 (всего 10612/11209) cost=1 rem=3906, ETA~0.0ч
[20:41:24] pr_other: 816/1405 (всего 10620/11209) cost=1 rem=3905, ETA~0.0ч
[20:41:25] pr_other: 824/1405 (всего 10628/11209) cost=1 rem=3904, ETA~0.0ч
[20:41:27] pr_other: 832/1405 (всего 10636/11209) cost=1 rem=3903, ETA~0.0ч
[20:41:29] pr_other: 840/1405 (всего 10644/11209) cost=1 rem=3902, ETA~0.0ч
[20:41:31] pr_other: 848/1405 (всего 10652/11209) cost=1 rem=3901, ETA~0.0ч
[20:41:32] pr_other: 856/1405 (всего 10660/11209) cost=1 rem=3900, ETA~0.0ч
[20:41:34] pr_other: 864/1405 (всего 10668/11209) cost=1 rem=3899, ETA~0.0ч
[20:41:36] pr_other: 872/1405 (всего 10676/11209) cost=1 rem=3898, ETA~0.0ч
[20:41:38] pr_other: 880/1405 (всего 10684/11209) cost=1 rem=3897, ETA~0.0ч
[20:41:40] pr_other: 888/1405 (всего 10692/11209) cost=1 rem=3896, ETA~0.0ч
[20:41:43] pr_other: 896/1405 (всего 10700/11209) cost=1 rem=3895, ETA~0.0ч
[20:41:44] pr_other: 904/1405 (всего 10708/11209) cost=1 rem=3894, ETA~0.0ч
[20:41:46] pr_other: 912/1405 (всего 10716/11209) cost=1 rem=3893, ETA~0.0ч
[20:41:48] pr_other: 920/1405 (всего 10724/11209) cost=1 rem=3892, ETA~0.0ч
[20:41:51] pr_other: 928/1405 (всего 10732/11209) cost=1 rem=3891, ETA~0.0ч
[20:41:52] pr_other: 936/1405 (всего 10740/11209) cost=1 rem=3890, ETA~0.0ч
[20:41:54] pr_other: 944/1405 (всего 10748/11209) cost=1 rem=3889, ETA~0.0ч
[20:41:56] pr_other: 952/1405 (всего 10756/11209) cost=1 rem=3888, ETA~0.0ч
[20:41:58] pr_other: 960/1405 (всего 10764/11209) cost=1 rem=3887, ETA~0.0ч
[20:42:00] pr_other: 968/1405 (всего 10772/11209) cost=1 rem=3886, ETA~0.0ч
[20:42:02] pr_other: 976/1405 (всего 10780/11209) cost=1 rem=3885, ETA~0.0ч
[20:42:04] pr_other: 984/1405 (всего 10788/11209) cost=1 rem=3884, ETA~0.0ч
[20:42:07] pr_other: 992/1405 (всего 10796/11209) cost=1 rem=3883, ETA~0.0ч
[20:42:09] pr_other: 1000/1405 (всего 10804/11209) cost=1 rem=3882, ETA~0.0ч
[20:42:10] pr_other: 1008/1405 (всего 10812/11209) cost=1 rem=3881, ETA~0.0ч
[20:42:12] pr_other: 1016/1405 (всего 10820/11209) cost=1 rem=3880, ETA~0.0ч
[20:42:14] pr_other: 1024/1405 (всего 10828/11209) cost=1 rem=3879, ETA~0.0ч
[20:42:16] pr_other: 1032/1405 (всего 10836/11209) cost=1 rem=3878, ETA~0.0ч
[20:42:18] pr_other: 1040/1405 (всего 10844/11209) cost=1 rem=3877, ETA~0.0ч
[20:42:19] pr_other: 1048/1405 (всего 10852/11209) cost=1 rem=3876, ETA~0.0ч
[20:42:21] pr_other: 1056/1405 (всего 10860/11209) cost=1 rem=3875, ETA~0.0ч
[20:42:23] pr_other: 1064/1405 (всего 10868/11209) cost=1 rem=3874, ETA~0.0ч
[20:42:25] pr_other: 1072/1405 (всего 10876/11209) cost=1 rem=3873, ETA~0.0ч
[20:42:27] pr_other: 1080/1405 (всего 10884/11209) cost=1 rem=3872, ETA~0.0ч
[20:42:29] pr_other: 1088/1405 (всего 10892/11209) cost=1 rem=3871, ETA~0.0ч
[20:42:31] pr_other: 1096/1405 (всего 10900/11209) cost=1 rem=3870, ETA~0.0ч
[20:42:32] pr_other: 1104/1405 (всего 10908/11209) cost=1 rem=3869, ETA~0.0ч
[20:42:34] pr_other: 1112/1405 (всего 10916/11209) cost=1 rem=3868, ETA~0.0ч
[20:42:36] pr_other: 1120/1405 (всего 10924/11209) cost=1 rem=3867, ETA~0.0ч
[20:42:38] pr_other: 1128/1405 (всего 10932/11209) cost=1 rem=3866, ETA~0.0ч
[20:42:40] pr_other: 1136/1405 (всего 10940/11209) cost=1 rem=3865, ETA~0.0ч
[20:42:41] pr_other: 1144/1405 (всего 10948/11209) cost=1 rem=3864, ETA~0.0ч
[20:42:43] pr_other: 1152/1405 (всего 10956/11209) cost=1 rem=3863, ETA~0.0ч
[20:42:45] pr_other: 1160/1405 (всего 10964/11209) cost=1 rem=3862, ETA~0.0ч
[20:42:47] pr_other: 1168/1405 (всего 10972/11209) cost=1 rem=3861, ETA~0.0ч
[20:42:48] pr_other: 1176/1405 (всего 10980/11209) cost=1 rem=3860, ETA~0.0ч
[20:42:50] pr_other: 1184/1405 (всего 10988/11209) cost=1 rem=3859, ETA~0.0ч
[20:42:52] pr_other: 1192/1405 (всего 10996/11209) cost=1 rem=3858, ETA~0.0ч
[20:42:54] pr_other: 1200/1405 (всего 11004/11209) cost=1 rem=3857, ETA~0.0ч
[20:42:55] pr_other: 1208/1405 (всего 11012/11209) cost=1 rem=3856, ETA~0.0ч
[20:42:57] pr_other: 1216/1405 (всего 11020/11209) cost=1 rem=3855, ETA~0.0ч
[20:42:59] pr_other: 1224/1405 (всего 11028/11209) cost=1 rem=3854, ETA~0.0ч
[20:43:01] pr_other: 1232/1405 (всего 11036/11209) cost=1 rem=3853, ETA~0.0ч
[20:43:03] pr_other: 1240/1405 (всего 11044/11209) cost=1 rem=3852, ETA~0.0ч
[20:43:06] pr_other: 1248/1405 (всего 11052/11209) cost=1 rem=3851, ETA~0.0ч
[20:43:07] pr_other: 1256/1405 (всего 11060/11209) cost=1 rem=3850, ETA~0.0ч
[20:43:09] pr_other: 1264/1405 (всего 11068/11209) cost=1 rem=3849, ETA~0.0ч
[20:43:10] pr_other: 1272/1405 (всего 11076/11209) cost=1 rem=3848, ETA~0.0ч
[20:43:12] pr_other: 1280/1405 (всего 11084/11209) cost=1 rem=3847, ETA~0.0ч
[20:43:14] pr_other: 1288/1405 (всего 11092/11209) cost=1 rem=3846, ETA~0.0ч
[20:43:16] pr_other: 1296/1405 (всего 11100/11209) cost=1 rem=3845, ETA~0.0ч
[20:43:19] pr_other: 1304/1405 (всего 11108/11209) cost=1 rem=3844, ETA~0.0ч
[20:43:20] pr_other: 1312/1405 (всего 11116/11209) cost=1 rem=3843, ETA~0.0ч
[20:43:22] pr_other: 1320/1405 (всего 11124/11209) cost=1 rem=3842, ETA~0.0ч
[20:43:24] pr_other: 1328/1405 (всего 11132/11209) cost=1 rem=3841, ETA~0.0ч
[20:43:26] pr_other: 1336/1405 (всего 11140/11209) cost=1 rem=3840, ETA~0.0ч
[20:43:27] pr_other: 1344/1405 (всего 11148/11209) cost=1 rem=3839, ETA~0.0ч
[20:43:29] pr_other: 1352/1405 (всего 11156/11209) cost=1 rem=3838, ETA~0.0ч
[20:43:31] pr_other: 1360/1405 (всего 11164/11209) cost=1 rem=3837, ETA~0.0ч
[20:43:33] pr_other: 1368/1405 (всего 11172/11209) cost=1 rem=3836, ETA~0.0ч
[20:43:35] pr_other: 1376/1405 (всего 11180/11209) cost=1 rem=3835, ETA~0.0ч
[20:43:37] pr_other: 1384/1405 (всего 11188/11209) cost=1 rem=3834, ETA~0.0ч
[20:43:38] pr_other: 1392/1405 (всего 11196/11209) cost=1 rem=3833, ETA~0.0ч
[20:43:40] pr_other: 1400/1405 (всего 11204/11209) cost=1 rem=3832, ETA~0.0ч
[20:43:42] pr_other: 1405/1405 (всего 11209/11209) cost=1 rem=3831, ETA~0.0ч
[20:43:42] детали выгружены полностью
